[    0.000000] Linux version 4.15.0-212-generic (buildd@lcy02-amd64-083) (gcc version 7.5.0 (Ubuntu 7.5.0-3ubuntu1~18.04)) #223-Ubuntu SMP Tue May 23 13:09:22 UTC 2023 (Ubuntu 4.15.0-212.223-generic 4.15.18)
[    0.000000] Command line: BOOT_IMAGE=/boot/vmlinuz-4.15.0-212-generic root=LABEL=cloudimg-rootfs ro console=tty1 console=ttyS0
[    0.000000] KERNEL supported cpus:
[    0.000000]   Intel GenuineIntel
[    0.000000]   AMD AuthenticAMD
[    0.000000]   Centaur CentaurHauls
[    0.000000] x86/fpu: Supporting XSAVE feature 0x001: 'x87 floating point registers'
[    0.000000] x86/fpu: Supporting XSAVE feature 0x002: 'SSE registers'
[    0.000000] x86/fpu: Supporting XSAVE feature 0x004: 'AVX registers'
[    0.000000] x86/fpu: xstate_offset[2]:  576, xstate_sizes[2]:  256
[    0.000000] x86/fpu: Enabled xstate features 0x7, context size is 832 bytes, using 'standard' format.
[    0.000000] e820: BIOS-provided physical RAM map:
[    0.000000] BIOS-e820: [mem 0x0000000000000000-0x000000000009fbff] usable
[    0.000000] BIOS-e820: [mem 0x000000000009fc00-0x000000000009ffff] reserved
[    0.000000] BIOS-e820: [mem 0x00000000000f0000-0x00000000000fffff] reserved
[    0.000000] BIOS-e820: [mem 0x0000000000100000-0x000000003ffeffff] usable
[    0.000000] BIOS-e820: [mem 0x000000003fff0000-0x000000003fffffff] ACPI data
[    0.000000] BIOS-e820: [mem 0x00000000fec00000-0x00000000fec00fff] reserved
[    0.000000] BIOS-e820: [mem 0x00000000fee00000-0x00000000fee00fff] reserved
[    0.000000] BIOS-e820: [mem 0x00000000fffc0000-0x00000000ffffffff] reserved
[    0.000000] NX (Execute Disable) protection: active
[    0.000000] SMBIOS 2.5 present.
[    0.000000] DMI: innotek GmbH VirtualBox/VirtualBox, BIOS VirtualBox 12/01/2006
[    0.000000] Hypervisor detected: KVM
[    0.000000] e820: last_pfn = 0x3fff0 max_arch_pfn = 0x400000000
[    0.000000] MTRR: Disabled
[    0.000000] x86/PAT: MTRRs disabled, skipping PAT initialization too.
[    0.000000] CPU MTRRs all blank - virtualized system.
[    0.000000] x86/PAT: Configuration [0-7]: WB  WT  UC- UC  WB  WT  UC- UC  
[    0.000000] found SMP MP-table at [mem 0x0009fff0-0x0009ffff]
[    0.000000] Scanning 1 areas for low memory corruption
[    0.000000] RAMDISK: [mem 0x359cb000-0x36cdcfff]
[    0.000000] ACPI: Early table checksum verification disabled
[    0.000000] ACPI: RSDP 0x00000000000E0000 000024 (v02 VBOX  )
[    0.000000] ACPI: XSDT 0x000000003FFF0030 00003C (v01 VBOX   VBOXXSDT 00000001 ASL  00000061)
[    0.000000] ACPI: FACP 0x000000003FFF00F0 0000F4 (v04 VBOX   VBOXFACP 00000001 ASL  00000061)
[    0.000000] ACPI: DSDT 0x000000003FFF0470 002325 (v02 VBOX   VBOXBIOS 00000002 INTL 20200925)
[    0.000000] ACPI: FACS 0x000000003FFF0200 000040
[    0.000000] ACPI: FACS 0x000000003FFF0200 000040
[    0.000000] ACPI: APIC 0x000000003FFF0240 00005C (v02 VBOX   VBOXAPIC 00000001 ASL  00000061)
[    0.000000] ACPI: SSDT 0x000000003FFF02A0 0001CC (v01 VBOX   VBOXCPUT 00000002 INTL 20200925)
[    0.000000] ACPI: Reserving FACP table memory at [mem 0x3fff00f0-0x3fff01e3]
[    0.000000] ACPI: Reserving DSDT table memory at [mem 0x3fff0470-0x3fff2794]
[    0.000000] ACPI: Reserving FACS table memory at [mem 0x3fff0200-0x3fff023f]
[    0.000000] ACPI: Reserving FACS table memory at [mem 0x3fff0200-0x3fff023f]
[    0.000000] ACPI: Reserving APIC table memory at [mem 0x3fff0240-0x3fff029b]
[    0.000000] ACPI: Reserving SSDT table memory at [mem 0x3fff02a0-0x3fff046b]
[    0.000000] No NUMA configuration found
[    0.000000] Faking a node at [mem 0x0000000000000000-0x000000003ffeffff]
[    0.000000] NODE_DATA(0) allocated [mem 0x3ffc5000-0x3ffeffff]
[    0.000000] kvm-clock: cpu 0, msr 0:3ff44001, primary cpu clock
[    0.000000] kvm-clock: Using msrs 4b564d01 and 4b564d00
[    0.000000] kvm-clock: using sched offset of 3122713026 cycles
[    0.000000] clocksource: kvm-clock: mask: 0xffffffffffffffff max_cycles: 0x1cd42e4dffb, max_idle_ns: 881590591483 ns
[    0.000000] Zone ranges:
[    0.000000]   DMA      [mem 0x0000000000001000-0x0000000000ffffff]
[    0.000000]   DMA32    [mem 0x0000000001000000-0x000000003ffeffff]
[    0.000000]   Normal   empty
[    0.000000]   Device   empty
[    0.000000] Movable zone start for each node
[    0.000000] Early memory node ranges
[    0.000000]   node   0: [mem 0x0000000000001000-0x000000000009efff]
[    0.000000]   node   0: [mem 0x0000000000100000-0x000000003ffeffff]
[    0.000000] Reserved but unavailable: 104 pages
[    0.000000] Initmem setup node 0 [mem 0x0000000000001000-0x000000003ffeffff]
[    0.000000] ACPI: PM-Timer IO Port: 0x4008
[    0.000000] IOAPIC[0]: apic_id 2, version 32, address 0xfec00000, GSI 0-23
[    0.000000] ACPI: INT_SRC_OVR (bus 0 bus_irq 0 global_irq 2 dfl dfl)
[    0.000000] ACPI: INT_SRC_OVR (bus 0 bus_irq 9 global_irq 9 low level)
[    0.000000] Using ACPI (MADT) for SMP configuration information
[    0.000000] smpboot: Allowing 2 CPUs, 0 hotplug CPUs
[    0.000000] PM: Registered nosave memory: [mem 0x00000000-0x00000fff]
[    0.000000] PM: Registered nosave memory: [mem 0x0009f000-0x0009ffff]
[    0.000000] PM: Registered nosave memory: [mem 0x000a0000-0x000effff]
[    0.000000] PM: Registered nosave memory: [mem 0x000f0000-0x000fffff]
[    0.000000] e820: [mem 0x40000000-0xfebfffff] available for PCI devices
[    0.000000] Booting paravirtualized kernel on KVM
[    0.000000] clocksource: refined-jiffies: mask: 0xffffffff max_cycles: 0xffffffff, max_idle_ns: 7645519600211568 ns
[    0.000000] setup_percpu: NR_CPUS:8192 nr_cpumask_bits:2 nr_cpu_ids:2 nr_node_ids:1
[    0.000000] percpu: Embedded 50 pages/cpu s167936 r8192 d28672 u1048576
[    0.000000] PV qspinlock hash table entries: 256 (order: 0, 4096 bytes)
[    0.000000] Built 1 zonelists, mobility grouping on.  Total pages: 257913
[    0.000000] Policy zone: DMA32
[    0.000000] Kernel command line: BOOT_IMAGE=/boot/vmlinuz-4.15.0-212-generic root=LABEL=cloudimg-rootfs ro console=tty1 console=ttyS0
[    0.000000] Memory: 982644K/1048120K available (12300K kernel code, 2477K rwdata, 4324K rodata, 2480K init, 2720K bss, 65476K reserved, 0K cma-reserved)
[    0.000000] SLUB: HWalign=64, Order=0-3, MinObjects=0, CPUs=2, Nodes=1
[    0.000000] Kernel/User page tables isolation: enabled
[    0.000000] ftrace: allocating 39508 entries in 155 pages
[    0.004000] Hierarchical RCU implementation.
[    0.004000] 	RCU restricting CPUs from NR_CPUS=8192 to nr_cpu_ids=2.
[    0.004000] 	Tasks RCU enabled.
[    0.004000] RCU: Adjusting geometry for rcu_fanout_leaf=16, nr_cpu_ids=2
[    0.004000] NR_IRQS: 524544, nr_irqs: 440, preallocated irqs: 16
[    0.004000] random: crng init done
[    0.004000] Console: colour VGA+ 80x25
[    0.004000] console [tty1] enabled
[    0.004000] console [ttyS0] enabled
[    0.004000] ACPI: Core revision 20170831
[    0.004000] ACPI: 2 ACPI AML tables successfully acquired and loaded
[    0.004000] APIC: Switch to symmetric I/O mode setup
[    0.004000] x2apic enabled
[    0.004000] Switched APIC routing to physical x2apic.
[    0.004000] ..TIMER: vector=0x30 apic1=0 pin1=2 apic2=-1 pin2=-1
[    0.004000] tsc: Detected 2419.186 MHz processor
[    0.004012] Calibrating delay loop (skipped) preset value.. 4838.37 BogoMIPS (lpj=9676744)
[    0.005100] pid_max: default: 32768 minimum: 301
[    0.005831] Security Framework initialized
[    0.006399] Yama: becoming mindful.
[    0.006938] AppArmor: AppArmor initialized
[    0.008041] Dentry cache hash table entries: 131072 (order: 8, 1048576 bytes)
[    0.008931] Inode-cache hash table entries: 65536 (order: 7, 524288 bytes)
[    0.009706] Mount-cache hash table entries: 2048 (order: 2, 16384 bytes)
[    0.010621] Mountpoint-cache hash table entries: 2048 (order: 2, 16384 bytes)
[    0.012307] Last level iTLB entries: 4KB 0, 2MB 0, 4MB 0
[    0.013064] Last level dTLB entries: 4KB 0, 2MB 0, 4MB 0, 1GB 0
[    0.013802] Spectre V1 : Mitigation: usercopy/swapgs barriers and __user pointer sanitization
[    0.014885] Spectre V2 : Mitigation: Retpolines
[    0.015447] Spectre V2 : Spectre v2 / SpectreRSB mitigation: Filling RSB on context switch
[    0.016004] Spectre V2 : Spectre v2 / SpectreRSB : Filling RSB on VMEXIT
[    0.016832] Speculative Store Bypass: Vulnerable
[    0.017462] MDS: Mitigation: Clear CPU buffers
[    0.018213] Freeing SMP alternatives memory: 36K
[    0.129547] smpboot: CPU0: 11th Gen Intel(R) Core(TM) i5-1135G7 @ 2.40GHz (family: 0x6, model: 0x8c, stepping: 0x1)
[    0.131318] Performance Events: unsupported p6 CPU model 140 no PMU driver, software events only.
[    0.132000] Hierarchical SRCU implementation.
[    0.132106] NMI watchdog: Perf event create on CPU 0 failed with -2
[    0.132879] NMI watchdog: Perf NMI watchdog permanently disabled
[    0.133675] smp: Bringing up secondary CPUs ...
[    0.134318] x86: Booting SMP configuration:
[    0.134859] .... node  #0, CPUs:      #1
[    0.004000] kvm-clock: cpu 1, msr 0:3ff44041, secondary cpu clock
[    0.136025] smp: Brought up 1 node, 2 CPUs
[    0.136558] smpboot: Max logical packages: 1
[    0.137102] smpboot: Total of 2 processors activated (9676.74 BogoMIPS)
[    0.140059] devtmpfs: initialized
[    0.140592] x86/mm: Memory block size: 128MB
[    0.141258] evm: security.selinux
[    0.141704] evm: security.SMACK64
[    0.142153] evm: security.SMACK64EXEC
[    0.142659] evm: security.SMACK64TRANSMUTE
[    0.143198] evm: security.SMACK64MMAP
[    0.143724] evm: security.apparmor
[    0.144006] evm: security.ima
[    0.144420] evm: security.capability
[    0.144970] clocksource: jiffies: mask: 0xffffffff max_cycles: 0xffffffff, max_idle_ns: 7645041785100000 ns
[    0.145235] futex hash table entries: 512 (order: 3, 32768 bytes)
[    0.146093] pinctrl core: initialized pinctrl subsystem
[    0.148678] RTC time: 20:38:57, date: 02/27/24
[    0.149376] NET: Registered protocol family 16
[    0.150011] audit: initializing netlink subsys (disabled)
[    0.150756] audit: type=2000 audit(1709066341.793:1): state=initialized audit_enabled=0 res=1
[    0.152010] cpuidle: using governor ladder
[    0.152586] cpuidle: using governor menu
[    0.153142] ACPI: bus type PCI registered
[    0.153681] acpiphp: ACPI Hot Plug PCI Controller Driver version: 0.5
[    0.154449] PCI: Using configuration type 1 for base access
[    0.156036] HugeTLB registered 2.00 MiB page size, pre-allocated 0 pages
[    0.157112] ACPI: Added _OSI(Module Device)
[    0.157112] ACPI: Added _OSI(Processor Device)
[    0.157406] ACPI: Added _OSI(3.0 _SCP Extensions)
[    0.158088] ACPI: Added _OSI(Processor Aggregator Device)
[    0.160014] ACPI: Added _OSI(Linux-Dell-Video)
[    0.160684] ACPI: Added _OSI(Linux-Lenovo-NV-HDMI-Audio)
[    0.162569] ACPI: Added _OSI(Linux-HPI-Hybrid-Graphics)
[    0.164253] ACPI: Executed 1 blocks of module-level executable AML code
[    0.169308] ACPI: Interpreter enabled
[    0.169906] ACPI: (supports S0 S5)
[    0.170430] ACPI: Using IOAPIC for interrupt routing
[    0.171404] PCI: Using host bridge windows from ACPI; if necessary, use "pci=nocrs" and report a bug
[    0.172174] ACPI: Enabled 2 GPEs in block 00 to 07
[    0.177550] ACPI: PCI Root Bridge [PCI0] (domain 0000 [bus 00-ff])
[    0.178407] acpi PNP0A03:00: _OSC: OS supports [ASPM ClockPM Segments MSI]
[    0.179907] acpi PNP0A03:00: _OSC: not requesting OS control; OS requires [ExtendedConfig ASPM ClockPM MSI]
[    0.180016] acpi PNP0A03:00: fail to add MMCONFIG information, can't access extended PCI configuration space under this bridge.
[    0.182011] PCI host bridge to bus 0000:00
[    0.182646] pci_bus 0000:00: root bus resource [io  0x0000-0x0cf7 window]
[    0.184006] pci_bus 0000:00: root bus resource [io  0x0d00-0xffff window]
[    0.185007] pci_bus 0000:00: root bus resource [mem 0x000a0000-0x000bffff window]
[    0.186189] pci_bus 0000:00: root bus resource [mem 0x40000000-0xfdffffff window]
[    0.188006] pci_bus 0000:00: root bus resource [bus 00-ff]
[    0.190364] pci 0000:00:01.1: legacy IDE quirk: reg 0x10: [io  0x01f0-0x01f7]
[    0.192005] pci 0000:00:01.1: legacy IDE quirk: reg 0x14: [io  0x03f6]
[    0.192943] pci 0000:00:01.1: legacy IDE quirk: reg 0x18: [io  0x0170-0x0177]
[    0.193982] pci 0000:00:01.1: legacy IDE quirk: reg 0x1c: [io  0x0376]
[    0.202658] pci 0000:00:07.0: quirk: [io  0x4000-0x403f] claimed by PIIX4 ACPI
[    0.204020] pci 0000:00:07.0: quirk: [io  0x4100-0x410f] claimed by PIIX4 SMB
[    0.212438] ACPI: PCI Interrupt Link [LNKA] (IRQs 5 9 10 *11)
[    0.213620] ACPI: PCI Interrupt Link [LNKB] (IRQs 5 9 *10 11)
[    0.214597] ACPI: PCI Interrupt Link [LNKC] (IRQs 5 *9 10 11)
[    0.215530] ACPI: PCI Interrupt Link [LNKD] (IRQs 5 9 10 *11)
[    0.216441] SCSI subsystem initialized
[    0.217073] pci 0000:00:02.0: vgaarb: setting as boot VGA device
[    0.217073] pci 0000:00:02.0: vgaarb: VGA device added: decodes=io+mem,owns=io+mem,locks=none
[    0.218055] pci 0000:00:02.0: vgaarb: bridge control possible
[    0.220013] vgaarb: loaded
[    0.220431] ACPI: bus type USB registered
[    0.221019] usbcore: registered new interface driver usbfs
[    0.221756] usbcore: registered new interface driver hub
[    0.222437] usbcore: registered new device driver usb
[    0.223173] EDAC MC: Ver: 3.0.0
[    0.224123] PCI: Using ACPI for IRQ routing
[    0.224755] NetLabel: Initializing
[    0.225221] NetLabel:  domain hash size = 128
[    0.225789] NetLabel:  protocols = UNLABELED CIPSOv4 CALIPSO
[    0.226516] NetLabel:  unlabeled traffic allowed by default
[    0.227273] clocksource: Switched to clocksource kvm-clock
[    0.233303] VFS: Disk quotas dquot_6.6.0
[    0.233886] VFS: Dquot-cache hash table entries: 512 (order 0, 4096 bytes)
[    0.234855] AppArmor: AppArmor Filesystem Enabled
[    0.235484] pnp: PnP ACPI init
[    0.236533] pnp: PnP ACPI: found 3 devices
[    0.243873] clocksource: acpi_pm: mask: 0xffffff max_cycles: 0xffffff, max_idle_ns: 2085701024 ns
[    0.245287] NET: Registered protocol family 2
[    0.245851] IP idents hash table entries: 16384 (order: 5, 131072 bytes)
[    0.247523] TCP established hash table entries: 8192 (order: 4, 65536 bytes)
[    0.248472] TCP bind hash table entries: 8192 (order: 5, 131072 bytes)
[    0.249337] TCP: Hash tables configured (established 8192 bind 8192)
[    0.250152] UDP hash table entries: 512 (order: 2, 16384 bytes)
[    0.250879] UDP-Lite hash table entries: 512 (order: 2, 16384 bytes)
[    0.251675] NET: Registered protocol family 1
[    0.252263] pci 0000:00:00.0: Limiting direct PCI/PCI transfers
[    0.253071] pci 0000:00:01.0: Activating ISA DMA hang workarounds
[    0.253916] pci 0000:00:02.0: Video device with shadowed ROM at [mem 0x000c0000-0x000dffff]
[    0.254837] Unpacking initramfs...
[    0.454096] Freeing initrd memory: 19528K
[    0.454743] clocksource: tsc: mask: 0xffffffffffffffff max_cycles: 0x22df03a1917, max_idle_ns: 440795249737 ns
[    0.455872] platform rtc_cmos: registered platform RTC device (no PNP device found)
[    0.456762] Scanning for low memory corruption every 60 seconds
[    0.457871] Initialise system trusted keyrings
[    0.458381] Key type blacklist registered
[    0.458882] workingset: timestamp_bits=36 max_order=18 bucket_order=0
[    0.460382] zbud: loaded
[    0.461126] squashfs: version 4.0 (2009/01/31) Phillip Lougher
[    0.461988] fuse init (API version 7.26)
[    0.463630] Key type asymmetric registered
[    0.464213] Asymmetric key parser 'x509' registered
[    0.464862] Block layer SCSI generic (bsg) driver version 0.4 loaded (major 246)
[    0.465843] io scheduler noop registered
[    0.466360] io scheduler deadline registered
[    0.466932] io scheduler cfq registered (default)
[    0.467762] ACPI: AC Adapter [AC] (off-line)
[    0.468375] input: Power Button as /devices/LNXSYSTM:00/LNXPWRBN:00/input/input0
[    0.469344] ACPI: Power Button [PWRF]
[    0.469879] input: Sleep Button as /devices/LNXSYSTM:00/LNXSLPBN:00/input/input1
[    0.470824] ACPI: Sleep Button [SLPF]
[    0.472074] ACPI: Battery Slot [BAT0] (battery present)
[    0.472175] Serial: 8250/16550 driver, 32 ports, IRQ sharing enabled
[    0.494363] 00:02: ttyS0 at I/O 0x3f8 (irq = 4, base_baud = 115200) is a 16550A
[    0.496907] Linux agpgart interface v0.103
[    0.499059] loop: module loaded
[    0.500077] scsi host0: ata_piix
[    0.500677] scsi host1: ata_piix
[    0.501207] ata1: PATA max UDMA/33 cmd 0x1f0 ctl 0x3f6 bmdma 0xd000 irq 14
[    0.502142] ata2: PATA max UDMA/33 cmd 0x170 ctl 0x376 bmdma 0xd008 irq 15
[    0.503167] tun: Universal TUN/TAP device driver, 1.6
[    0.503953] PPP generic driver version 2.4.2
[    0.504666] ehci_hcd: USB 2.0 'Enhanced' Host Controller (EHCI) Driver
[    0.505568] ehci-pci: EHCI PCI platform driver
[    0.506241] ehci-platform: EHCI generic platform driver
[    0.507003] ohci_hcd: USB 1.1 'Open' Host Controller (OHCI) Driver
[    0.507856] ohci-pci: OHCI PCI platform driver
[    0.508549] ohci-platform: OHCI generic platform driver
[    0.509305] uhci_hcd: USB Universal Host Controller Interface driver
[    0.510263] i8042: PNP: PS/2 Controller [PNP0303:PS2K,PNP0f03:PS2M] at 0x60,0x64 irq 1,12
[    0.511879] serio: i8042 KBD port at 0x60,0x64 irq 1
[    0.512677] serio: i8042 AUX port at 0x60,0x64 irq 12
[    0.513484] mousedev: PS/2 mouse device common for all mice
[    0.514549] input: AT Translated Set 2 keyboard as /devices/platform/i8042/serio0/input/input2
[    0.516176] rtc_cmos rtc_cmos: rtc core: registered rtc_cmos as rtc0
[    0.517176] rtc_cmos rtc_cmos: alarms up to one day, 114 bytes nvram
[    0.518117] i2c /dev entries driver
[    0.518713] device-mapper: uevent: version 1.0.3
[    0.519444] device-mapper: ioctl: 4.37.0-ioctl (2017-09-20) initialised: dm-devel@redhat.com
[    0.520677] ledtrig-cpu: registered to indicate activity on CPUs
[    0.521863] NET: Registered protocol family 10
[    0.524889] Segment Routing with IPv6
[    0.525467] NET: Registered protocol family 17
[    0.526174] Key type dns_resolver registered
[    0.526938] mce: Using 0 MCE banks
[    0.527475] RAS: Correctable Errors collector initialized.
[    0.528303] sched_clock: Marking stable (528260782, 0)->(643418303, -115157521)
[    0.529570] registered taskstats version 1
[    0.530188] Loading compiled-in X.509 certificates
[    0.532459] Loaded X.509 cert 'Build time autogenerated kernel key: b5b26778eaa3ab3a4a6cee031137706e947d12ad'
[    0.534471] Loaded X.509 cert 'Canonical Ltd. Live Patch Signing: 14df34d1a87cf37625abec039ef2bf521249b969'
[    0.536391] Loaded X.509 cert 'Canonical Ltd. Kernel Module Signing: 88f752e560a1e0737e31163a466ad7b70a850c19'
[    0.537819] blacklist: Loading compiled-in revocation X.509 certificates
[    0.538768] Loaded X.509 cert 'Canonical Ltd. Secure Boot Signing: 61482aa2830d0ab2ad5af10b7250da9033ddcef0'
[    0.540147] Loaded X.509 cert 'Canonical Ltd. Secure Boot Signing (2017): 242ade75ac4a15e50d50c84b0d45ff3eae707a03'
[    0.541623] Loaded X.509 cert 'Canonical Ltd. Secure Boot Signing (ESM 2018): 365188c1d374d6b07c3c8f240f8ef722433d6a8b'
[    0.543000] Loaded X.509 cert 'Canonical Ltd. Secure Boot Signing (2019): c0746fd6c5da3ae827864651ad66ae47fe24b3e8'
[    0.544320] Loaded X.509 cert 'Canonical Ltd. Secure Boot Signing (2021 v1): a8d54bbb3825cfb94fa13c9f8a594a195c107b8d'
[    0.545748] Loaded X.509 cert 'Canonical Ltd. Secure Boot Signing (2021 v2): 4cf046892d6fd3c9a5b03f98d845f90851dc6a8c'
[    0.547168] Loaded X.509 cert 'Canonical Ltd. Secure Boot Signing (2021 v3): 100437bb6de6e469b581e61cd66bce3ef4ed53af'
[    0.548531] Loaded X.509 cert 'Canonical Ltd. Secure Boot Signing (Ubuntu Core 2019): c1d57b8f6b743f23ee41f4f7ee292f06eecadfb9'
[    0.549814] zswap: loaded using pool lzo/zbud
[    0.552473] Key type big_key registered
[    0.552943] Key type trusted registered
[    0.554382] Key type encrypted registered
[    0.554880] AppArmor: AppArmor sha1 policy hashing enabled
[    0.555484] ima: No TPM chip found, activating TPM-bypass! (rc=-19)
[    0.556165] ima: Allocated hash algorithm: sha1
[    0.556786] evm: HMAC attrs: 0x1
[    0.557397]   Magic number: 12:707:650
[    0.557908] tty ttyprintk: hash matches
[    0.558502] rtc_cmos rtc_cmos: setting system clock to 2024-02-27 20:38:57 UTC (1709066337)
[    0.559683] BIOS EDD facility v0.16 2004-Jun-25, 0 devices found
[    0.560493] EDD information not available.
[    0.687759] Freeing unused kernel image memory: 2480K
[    0.700253] Write protecting the kernel read-only data: 20480k
[    0.702524] Freeing unused kernel image memory: 2008K
[    0.704559] Freeing unused kernel image memory: 1820K
[    0.712308] x86/mm: Checked W+X mappings: passed, no W+X pages found.
[    0.713147] x86/mm: Checking user space page tables
[    0.717438] x86/mm: Checked W+X mappings: passed, no W+X pages found.
Loading, please wait...
starting version 237
[    0.759886] e1000: Intel(R) PRO/1000 Network Driver - version 7.3.21-k8-NAPI
[    0.760988] e1000: Copyright (c) 1999-2006 Intel Corporation.
[    0.764065] Fusion MPT base driver 3.04.20
[    0.764710] Copyright (c) 1999-2008 LSI Corporation
[    0.768242] Fusion MPT SPI Host driver 3.04.20
[    0.783087] AVX2 version of gcm_enc/dec engaged.
[    0.783796] AES CTR mode by8 optimization enabled
[    0.982484] input: ImExPS/2 Generic Explorer Mouse as /devices/platform/i8042/serio1/input/input4
[    1.111332] e1000 0000:00:03.0 eth0: (PCI:33MHz:32-bit) 02:3b:7b:b7:3b:2d
[    1.112370] e1000 0000:00:03.0 eth0: Intel(R) PRO/1000 Network Connection
[    1.462244] e1000 0000:00:08.0 eth1: (PCI:33MHz:32-bit) 08:00:27:18:63:34
[    1.463530] e1000 0000:00:08.0 eth1: Intel(R) PRO/1000 Network Connection
[    1.465481] e1000 0000:00:08.0 enp0s8: renamed from eth1
[    1.468131] mptbase: ioc0: Initiating bringup
[    1.484386] e1000 0000:00:03.0 enp0s3: renamed from eth0
[    1.576670] ioc0: LSI53C1030 A0: Capabilities={Initiator}
[    1.823461] scsi host2: ioc0: LSI53C1030 A0, FwRev=00000000h, Ports=1, MaxQ=256, IRQ=20
[    1.997053] scsi 2:0:0:0: Direct-Access     VBOX     HARDDISK         1.0  PQ: 0 ANSI: 5
[    2.153742] scsi target2:0:0: Beginning Domain Validation
[    2.156765] scsi target2:0:0: Domain Validation skipping write tests
[    2.158618] scsi target2:0:0: Ending Domain Validation
[    2.159789] scsi target2:0:0: asynchronous
[    2.161088] scsi 2:0:1:0: Direct-Access     VBOX     HARDDISK         1.0  PQ: 0 ANSI: 5
[    2.789990] scsi target2:0:1: Beginning Domain Validation
[    2.794317] scsi target2:0:1: Domain Validation skipping write tests
[    2.796060] scsi target2:0:1: Ending Domain Validation
[    2.796670] scsi target2:0:1: asynchronous
[    2.799094] sd 2:0:0:0: Attached scsi generic sg0 type 0
[    2.799802] sd 2:0:0:0: [sda] 83886080 512-byte logical blocks: (42.9 GB/40.0 GiB)
[    2.800151] sd 2:0:1:0: [sdb] 20480 512-byte logical blocks: (10.5 MB/10.0 MiB)
[    2.800907] sd 2:0:1:0: Attached scsi generic sg1 type 0
[    2.801765] sd 2:0:1:0: [sdb] Write Protect is off
[    2.802413] sd 2:0:0:0: [sda] Write Protect is off
[    2.803697] sd 2:0:0:0: [sda] Incomplete mode parameter data
[    2.803759] sd 2:0:1:0: [sdb] Incomplete mode parameter data
[    2.804360] sd 2:0:0:0: [sda] Assuming drive cache: write through
[    2.806113] sd 2:0:1:0: [sdb] Assuming drive cache: write through
[    2.813625]  sda: sda1
[    2.814388] sd 2:0:0:0: [sda] Attached SCSI disk
[    2.815303] sd 2:0:1:0: [sdb] Attached SCSI disk
Begin: Loading essential drivers ... [    4.179549] raid6: sse2x1   gen() 20699 MB/s
[    4.235791] raid6: sse2x1   xor() 12572 MB/s
[    4.287957] raid6: sse2x2   gen() 24487 MB/s
[    4.343710] raid6: sse2x2   xor() 15264 MB/s
[    4.395519] raid6: sse2x4   gen() 25397 MB/s
[    4.444746] raid6: sse2x4   xor() 13724 MB/s
[    4.507732] raid6: avx2x1   gen() 46840 MB/s
[    4.565573] raid6: avx2x1   xor() 25009 MB/s
[    4.619766] raid6: avx2x2   gen() 50032 MB/s
[    4.679783] raid6: avx2x2   xor() 35454 MB/s
[    4.731792] raid6: avx2x4   gen() 46187 MB/s
[    4.780388] raid6: avx2x4   xor() 23452 MB/s
[    4.780971] raid6: using algorithm avx2x2 gen() 50032 MB/s
[    4.781539] raid6: .... xor() 35454 MB/s, rmw enabled
[    4.782070] raid6: using avx2x2 recovery algorithm
[    4.783685] xor: automatically using best checksumming function   avx       
[    4.785354] async_tx: api initialized (async)
done.
Begin: Running /scripts/init-premount ... done.
Begin: Mounting root file system ... Begin: Running /scripts/local-top ... done.
Begin: Running /scripts/local-premount ... [    4.819701] Btrfs loaded, crc32c=crc32c-intel
Scanning for Btrfs filesystems
done.
Warning: fsck not present, so skipping root file system
[    4.848413] EXT4-fs (sda1): mounted filesystem with ordered data mode. Opts: (null)
done.
Begin: Running /scripts/local-bottom ... done.
Begin: Running /scripts/init-bottom ... done.
[    4.979776] ip_tables: (C) 2000-2006 Netfilter Core Team
[    4.985753] systemd[1]: systemd 237 running in system mode. (+PAM +AUDIT +SELINUX +IMA +APPARMOR +SMACK +SYSVINIT +UTMP +LIBCRYPTSETUP +GCRYPT +GNUTLS +ACL +XZ +LZ4 +SECCOMP +BLKID +ELFUTILS +KMOD -IDN2 +IDN -PCRE2 default-hierarchy=hybrid)
[    4.988154] systemd[1]: Detected virtualization oracle.
[    4.988752] systemd[1]: Detected architecture x86-64.

Welcome to [1mUbuntu 18.04.6 LTS[0m!

[    4.993539] systemd[1]: Set hostname to <ubuntu>.
[    4.995248] systemd[1]: Initializing machine ID from random generator.
[    4.996092] systemd[1]: Installed transient /etc/machine-id file.
[    5.223832] systemd[1]: Reached target Swap.
[[0;32m  OK  [0m] Reached target Swap.
[    5.225163] systemd[1]: Started Forward Password Requests to Wall Directory Watch.
[[0;32m  OK  [0m] Started Forward Password Requests to Wall Directory Watch.
[    5.227941] systemd[1]: Created slice System Slice.
[[0;32m  OK  [0m] Created slice System Slice.
[    5.229304] systemd[1]: Listening on fsck to fsckd communication Socket.
[[0;32m  OK  [0m] Listening on fsck to fsckd communication Socket.
[[0;32m  OK  [0m] Listening on LVM2 metadata daemon socket.
[[0;32m  OK  [0m] Listening on Device-mapper event daemon FIFOs.
[[0;32m  OK  [0m] Listening on udev Kernel Socket.
[[0;32m  OK  [0m] Listening on Syslog Socket.
[[0;32m  OK  [0m] Reached target System Time Synchronized.
[[0;32m  OK  [0m] Set up automount Arbitrary Executabâ€¦rmats File System Automount Point.
[[0;32m  OK  [0m] Listening on LVM2 poll daemon socket.
[[0;32m  OK  [0m] Reached target Mounting snaps.
[[0;32m  OK  [0m] Reached target Mounted snaps.
[[0;32m  OK  [0m] Listening on /dev/initctl Compatibility Named Pipe.
[[0;32m  OK  [0m] Listening on udev Control Socket.
[[0;32m  OK  [0m] Created slice User and Session Slice.
[[0;32m  OK  [0m] Reached target Slices.
[[0;32m  OK  [0m] Listening on Journal Audit Socket.
[[0;32m  OK  [0m] Listening on Journal Socket.
         Starting Create list of required stâ€¦ce nodes for the current kernel...
         Mounting Kernel Debug File System...
         Starting Set the console keyboard layout...
         Starting Monitoring of LVM2 mirrorsâ€¦ng dmeventd or progress polling...
         Mounting Huge Pages File System...
         Starting File System Check on Root Device...
         Mounting POSIX Message Queue File System...
[[0;32m  OK  [0m] Reached target User and Group Name Lookups.
         Starting Load Kernel Modules...
[[0;32m  OK  [0m] Listening on Network Service Netlink Socket.
[[0;32m  OK  [0m] Listening on Journal Socket (/dev/log).
[[0;32m  OK  [0m] Created slice system-serial\x2dgetty.slice.
         Starting Journal Service...
         Starting udev Coldplug all Devices...
         Starting Uncomplicated firewall...
[[0;32m  OK  [0m] Started Create list of required staâ€¦vice nodes for the current kernel.
[[0;32m  OK  [0m] Mounted Kernel Debug File System.
[[0;32m  OK  [0m] Mounted Huge Pages File System.
[[0;32m  OK  [0m] Mounted POSIX Message Queue File System.
         Starting Create Static Device Nodes in /dev...
[[0;32m  OK  [0m] Started LVM2 metadata daemon.
[[0;32m  OK  [0m] Started File System Check Daemon to report status.
[    5.301663] Loading iSCSI transport class v2.0-870.
[    5.305698] iscsi: registered transport (tcp)
[    5.315883] iscsi: registered transport (iser)
[[0;32m  OK  [0m] Started Load Kernel Modules.
         Mounting Kernel Configuration File System...
         Starting Apply Kernel Variables...
         Mounting FUSE Control File System...
[[0;32m  OK  [0m] Mounted Kernel Configuration File System.
[[0;32m  OK  [0m] Started Uncomplicated firewall.
[[0;32m  OK  [0m] Mounted FUSE Control File System.
[[0;32m  OK  [0m] Started Journal Service.
[[0;32m  OK  [0m] Started Create Static Device Nodes in /dev.
[[0;32m  OK  [0m] Started udev Coldplug all Devices.
[[0;32m  OK  [0m] Started Monitoring of LVM2 mirrors,â€¦sing dmeventd or progress polling.
[[0;32m  OK  [0m] Started File System Check on Root Device.
         Starting Remount Root and Kernel File Systems...
[[0;32m  OK  [0m] Started Apply Kernel Variables.
[[0;32m  OK  [0m] Started Remount Root and Kernel File Systems.
         Starting udev Kernel Device Manager...
         Starting Flush Journal to Persistent Storage...
         Starting Load/Save Random Seed...
[[0;32m  OK  [0m] Started Load/Save Random Seed.
[[0;32m  OK  [0m] Started udev Kernel Device Manager.
[[0;32m  OK  [0m] Started Flush Journal to Persistent Storage.
[[0;32m  OK  [0m] Found device /dev/ttyS0.
[[0;32m  OK  [0m] Listening on Load/Save RF Kill Switch Status /dev/rfkill Watch.
         Mounting Arbitrary Executable File Formats File System...
[[0;32m  OK  [0m] Mounted Arbitrary Executable File Formats File System.
[[0;32m  OK  [0m] Started Set the console keyboard layout.
[[0;32m  OK  [0m] Started Dispatch Password Requests to Console Directory Watch.
[[0;32m  OK  [0m] Reached target Local Encrypted Volumes.
[[0;32m  OK  [0m] Reached target Local File Systems (Pre).
[[0;32m  OK  [0m] Reached target Local File Systems.
         Starting ebtables ruleset management...
         Starting AppArmor initialization...
         Starting Commit a transient machine-id on disk...
         Starting Tell Plymouth To Write Out Runtime Data...
         Starting Set console font and keymap...
         Starting Create Volatile Files and Directories...
[[0;32m  OK  [0m] Started Tell Plymouth To Write Out Runtime Data.
[[0;32m  OK  [0m] Started Create Volatile Files and Directories.
         Starting Update UTMP about System Boot/Shutdown...
[[0;32m  OK  [0m] Started Update UTMP about System Boot/Shutdown.
[[0;32m  OK  [0m] Started Commit a transient machine-id on disk.
[[0;32m  OK  [0m] Started ebtables ruleset management.
[[0;32m  OK  [0m] Started AppArmor initialization.
         Starting Initial cloud-init job (pre-networking)...
         Starting Load AppArmor profiles managed internally by snapd...
[[0;32m  OK  [0m] Started Load AppArmor profiles managed internally by snapd.
[[0;32m  OK  [0m] Started Set console font and keymap.
[    7.552372] cloud-init[739]: Cloud-init v. 23.1.2-0ubuntu0~18.04.1 running 'init-local' at Tue, 27 Feb 2024 20:39:04 +0000. Up 7.33 seconds.
[[0;32m  OK  [0m] Started Initial cloud-init job (pre-networking).
[[0;32m  OK  [0m] Reached target Network (Pre).
         Starting Network Service...
[[0;32m  OK  [0m] Started Network Service.
         Starting Network Name Resolution...
         Starting Wait for Network to be Configured...
[[0;32m  OK  [0m] Started Network Name Resolution.
[[0;32m  OK  [0m] Reached target Network.
[[0;32m  OK  [0m] Reached target Host and Network Name Lookups.
[[0;32m  OK  [0m] Started Wait for Network to be Configured.
         Starting Initial cloud-init job (metadata service crawler)...
[    9.543798] cloud-init[1060]: Cloud-init v. 23.1.2-0ubuntu0~18.04.1 running 'init' at Tue, 27 Feb 2024 20:39:06 +0000. Up 9.45 seconds.
[    9.545059] cloud-init[1060]: ci-info: ++++++++++++++++++++++++++++++++++++++Net device info+++++++++++++++++++++++++++++++++++++++
[    9.546046] cloud-init[1060]: ci-info: +--------+-------+----------------------------+---------------+--------+-------------------+
[    9.546943] cloud-init[1060]: ci-info: | Device |   Up  |          Address           |      Mask     | Scope  |     Hw-Address    |
[    9.547830] cloud-init[1060]: ci-info: +--------+-------+----------------------------+---------------+--------+-------------------+
[    9.548774] cloud-init[1060]: ci-info: | enp0s3 |  True |         10.0.2.15          | 255.255.255.0 | global | 02:3b:7b:b7:3b:2d |
[    9.549682] cloud-init[1060]: ci-info: | enp0s3 |  True | fe80::3b:7bff:feb7:3b2d/64 |       .       |  link  | 02:3b:7b:b7:3b:2d |
[    9.550668] cloud-init[1060]: ci-info: | enp0s8 | False |             .              |       .       |   .    | 08:00:27:18:63:34 |
[    9.551683] cloud-init[1060]: ci-info: |   lo   |  True |         127.0.0.1          |   255.0.0.0   |  host  |         .         |
[    9.552634] cloud-init[1060]: ci-info: |   lo   |  True |          ::1/128           |       .       |  host  |         .         |
[    9.553586] cloud-init[1060]: ci-info: +--------+-------+----------------------------+---------------+--------+-------------------+
[    9.554467] cloud-init[1060]: ci-info: ++++++++++++++++++++++++++++Route IPv4 info+++++++++++++++++++++++++++++
[    9.555155] cloud-init[1060]: ci-info: +-------+-------------+----------+-----------------+-----------+-------+
[    9.555903] cloud-init[1060]: ci-info: | Route | Destination | Gateway  |     Genmask     | Interface | Flags |
[    9.556767] cloud-init[1060]: ci-info: +-------+-------------+----------+-----------------+-----------+-------+
[    9.557616] cloud-init[1060]: ci-info: |   0   |   0.0.0.0   | 10.0.2.2 |     0.0.0.0     |   enp0s3  |   UG  |
[    9.558482] cloud-init[1060]: ci-info: |   1   |   10.0.2.0  | 0.0.0.0  |  255.255.255.0  |   enp0s3  |   U   |
[    9.559342] cloud-init[1060]: ci-info: |   2   |   10.0.2.2  | 0.0.0.0  | 255.255.255.255 |   enp0s3  |   UH  |
[    9.560259] cloud-init[1060]: ci-info: +-------+-------------+----------+-----------------+-----------+-------+
[    9.573091] cloud-init[1060]: ci-info: +++++++++++++++++++Route IPv6 info+++++++++++++++++++
[    9.573849] cloud-init[1060]: ci-info: +-------+-------------+---------+-----------+-------+
[    9.585120] cloud-init[1060]: ci-info: | Route | Destination | Gateway | Interface | Flags |
[    9.585800] cloud-init[1060]: ci-info: +-------+-------------+---------+-----------+-------+
[    9.596295] cloud-init[1060]: ci-info: |   1   |  fe80::/64  |    ::   |   enp0s3  |   U   |
[    9.597124] cloud-init[1060]: ci-info: |   3   |    local    |    ::   |   enp0s3  |   U   |
[    9.597871] cloud-init[1060]: ci-info: |   4   |   ff00::/8  |    ::   |   enp0s3  |   U   |
[    9.598781] cloud-init[1060]: ci-info: +-------+-------------+---------+-----------+-------+
[   11.846816] cloud-init[1060]: Generating public/private rsa key pair.
[   11.847415] cloud-init[1060]: Your identification has been saved in /etc/ssh/ssh_host_rsa_key.
[   11.848151] cloud-init[1060]: Your public key has been saved in /etc/ssh/ssh_host_rsa_key.pub.
[   11.848901] cloud-init[1060]: The key fingerprint is:
[   11.849351] cloud-init[1060]: SHA256:nk+SM0QgvisO8JfkUE4IdhAKlqSNR0gjb+N/k6wSgmA root@ubuntu-bionic
[   11.850138] cloud-init[1060]: The key's randomart image is:
[   11.850634] cloud-init[1060]: +---[RSA 2048]----+
[   11.851068] cloud-init[1060]: |*X=.. .          |
[   11.851490] cloud-init[1060]: |OBoo . .         |
[   11.851922] cloud-init[1060]: |+ B +   .        |
[   11.852394] cloud-init[1060]: |.E = . .         |
[   11.852832] cloud-init[1060]: |= o +   S        |
[   11.853266] cloud-init[1060]: |+..= + + o       |
[   11.853702] cloud-init[1060]: |..o.* = B .      |
[   11.854101] cloud-init[1060]: | o.o o . *       |
[   11.854549] cloud-init[1060]: |  ...     .      |
[   11.854972] cloud-init[1060]: +----[SHA256]-----+
[   11.855411] cloud-init[1060]: Generating public/private dsa key pair.
[   11.856048] cloud-init[1060]: Your identification has been saved in /etc/ssh/ssh_host_dsa_key.
[   11.856803] cloud-init[1060]: Your public key has been saved in /etc/ssh/ssh_host_dsa_key.pub.
[   11.857543] cloud-init[1060]: The key fingerprint is:
[   11.858005] cloud-init[1060]: SHA256:bWv2kZKNhwFzKesoiv0QNhZf+HIsQsHx2vyru/aLHSo root@ubuntu-bionic
[   11.858768] cloud-init[1060]: The key's randomart image is:
[   11.859267] cloud-init[1060]: +---[DSA 1024]----+
[   11.859703] cloud-init[1060]: | .o.             |
[   11.860173] cloud-init[1060]: |  .o .     .     |
[   11.860626] cloud-init[1060]: |  o o . + o      |
[   11.861090] cloud-init[1060]: | . * +   B       |
[   11.861493] cloud-init[1060]: |  B * + S +      |
[   11.861958] cloud-init[1060]: | o + = o . B .   |
[   11.862335] cloud-init[1060]: |  . . + . O =    |
[   11.862762] cloud-init[1060]: | oEo.= o o + .   |
[   11.880136] cloud-init[1060]: |. o+B==.    .    |
[   11.880639] cloud-init[1060]: +----[SHA256]-----+
[   11.881084] cloud-init[1060]: Generating public/private ecdsa key pair.
[   11.881652] cloud-init[1060]: Your identification has been saved in /etc/ssh/ssh_host_ecdsa_key.
[   11.882416] cloud-init[1060]: Your public key has been saved in /etc/ssh/ssh_host_ecdsa_key.pub.
[   11.883182] cloud-init[1060]: The key fingerprint is:
[   11.883648] cloud-init[1060]: SHA256:2Wq2DTlQn0UmcnMCSZvy0gKuBa0tMX9IcncCyxFXTfQ root@ubuntu-bionic
[[0;32m  OK  [0m] Started Initial cloud-init job (metadata service crawler).
[[0;32m  OK  [0m] Reached target Cloud-config availability.
[[0;32m  OK  [0m] Reached target System Initialization.
[[0;32m  OK  [0m] Listening on Open-iSCSI iscsid Socket.
[[0;32m  OK  [0m] Started Daily Cleanup of Temporary Directories.
[[0;32m  OK  [0m] Listening on cloud-init hotplug hook socket.
[   11.908548] cloud-init[1060]: The key's randomart image is:
[   11.912637] cloud-init[1060]: +---[ECDSA 256]---+
[   11.913109] cloud-init[1060]: |    +..o=*B +    |
[   11.913568] cloud-init[1060]: |   o =  .=.O     |
[   11.913993] cloud-init[1060]: |  = B + =   E    |
[   11.914429] cloud-init[1060]: |   % + B + o     |
[   11.914873] cloud-init[1060]: |  o * = S +      |
[   11.915329] cloud-init[1060]: |   + . + o       |
[   11.924336] cloud-init[1060]: |  .     B        |
[   11.924727] cloud-init[1060]: |       o =       |
[   11.925166] cloud-init[1060]: |        . .      |
[   11.925602] cloud-init[1060]: +----[SHA256]-----+
[   11.926031] cloud-init[1060]: Generating public/private ed25519 key pair.
[   11.926629] cloud-init[1060]: Your identification has been saved in /etc/ssh/ssh_host_ed25519_key.
[   11.927420] cloud-init[1060]: Your public key has been saved in /etc/ssh/ssh_host_ed25519_key.pub.
[[0;32m  OK  [0m] Listening on ACPID Listen Socket.
[[0;32m  OK  [0m] Listening on D-Bus System Message Bus Socket.
[   11.930529] cloud-init[1060]: The key fingerprint is:
[   11.931953] cloud-init[1060]: SHA256:aX4HtX44XyiDaPmuk3GyIbL1l0VAeAfMtVVOfL9LPuM root@ubuntu-bionic
[   11.932588] cloud-init[1060]: The key's randomart image is:
[   11.932993] cloud-init[1060]: +--[ED25519 256]--+
[   11.933367] cloud-init[1060]: |         =oo. .oo|
[   11.933735] cloud-init[1060]: |        . = .o oo|
[   12.136264] cloud-init[1060]: |         . oo   +|
[   12.136604] cloud-init[1060]: |         . ...  .|
[   12.137065] cloud-init[1060]: |        S ...   .|
[   12.137487] cloud-init[1060]: |    . oo+o.+.. + |
[   12.137954] cloud-init[1060]: |     + o=BooB = o|
[[0;32m  OK  [0m] Started Message of the Day.
[[0;32m  OK  [0m] Started Daily apt download activities.
[[0;32m  OK  [0m] Started Discard unused blocks once a week.
[   12.140585] cloud-init[1060]: |    .  .=oo. * * |
[   12.142513] cloud-init[1060]: |        .=o   oEo|
[   12.142959] cloud-init[1060]: +----[SHA256]-----+
         Starting LXD - unix socket.
         Starting Socket activation for snappy daemon.
[[0;32m  OK  [0m] Listening on UUID daemon activation socket.
[[0;32m  OK  [0m] Started ACPI Events Check.
[[0;32m  OK  [0m] Reached target Paths.
[[0;32m  OK  [0m] Started Daily apt upgrade and clean activities.
[[0;32m  OK  [0m] Started Ubuntu Advantage Timer for running repeated jobs.
[[0;32m  OK  [0m] Reached target Timers.
[[0;32m  OK  [0m] Reached target Network is Online.
         Starting Availability of block devices...
[[0;32m  OK  [0m] Reached target Remote File Systems (Pre).
[[0;32m  OK  [0m] Reached target Remote File Systems.
[[0;32m  OK  [0m] Listening on LXD - unix socket.
[[0;32m  OK  [0m] Listening on Socket activation for snappy daemon.
[[0;32m  OK  [0m] Started Availability of block devices.
[[0;32m  OK  [0m] Reached target Sockets.
[[0;32m  OK  [0m] Reached target Basic System.
[[0;32m  OK  [0m] Started FUSE filesystem for LXC.
         Starting Pollinate to seed the pseudo random number generator...
         Starting Login Service...
[[0;32m  OK  [0m] Started D-Bus System Message Bus.
         Starting Permit User Sessions...
         Starting Virtualbox guest utils...
         Starting System Logging Service...
         Starting LSB: automatic crash report generation...
         Starting Accounts Service...
[[0;32m  OK  [0m] Reached target Login Prompts (Pre).
[[0;32m  OK  [0m] Started Deferred execution scheduler.
         Starting Dispatcher daemon for systemd-networkd...
[[0;32m  OK  [0m] Started irqbalance daemon.
         Starting LSB: Record successful boot for GRUB...
         Starting Snap Daemon...
[[0;32m  OK  [0m] Started Regular background program processing daemon.
         Starting LXD - container startup/shutdown...
[[0;32m  OK  [0m] Started System Logging Service.
[[0;32m  OK  [0m] Started Permit User Sessions.
[[0;32m  OK  [0m] Started Login Service.
[[0;32m  OK  [0m] Started Unattended Upgrades Shutdown.
         Starting Terminate Plymouth Boot Screen...
         Starting Hold until boot process finishes up...
[[0;32m  OK  [0m] Started Hold until boot process finishes up.
[[0;32m  OK  [0m] Started Serial Getty on ttyS0.
         Starting Set console scheme...
[[0;32m  OK  [0m] Started Terminate Plymouth Boot Screen.
[[0;32m  OK  [0m] Started LSB: automatic crash report generation.
[[0;32m  OK  [0m] Started LXD - container startup/shutdown.
[[0;32m  OK  [0m] Started Set console scheme.
[[0;32m  OK  [0m] Created slice system-getty.slice.
[[0;32m  OK  [0m] Started Getty on tty1.
[[0;32m  OK  [0m] Reached target Login Prompts.
         Starting Authorization Manager...
[[0;32m  OK  [0m] Started LSB: Record successful boot for GRUB.
[[0;32m  OK  [0m] Started Virtualbox guest utils.
[[0;32m  OK  [0m] Started Authorization Manager.
[[0;32m  OK  [0m] Started Accounts Service.
[[0;32m  OK  [0m] Started Dispatcher daemon for systemd-networkd.
[[0;32m  OK  [0m] Started Snap Daemon.
         Starting Wait until snapd is fully seeded...
[[0;32m  OK  [0m] Started Pollinate to seed the pseudo random number generator.
         Starting OpenBSD Secure Shell server...
[[0;32m  OK  [0m] Started OpenBSD Secure Shell server.
[[0;32m  OK  [0m] Created slice User Slice of vagrant.
         Starting User Manager for UID 1000...
[[0;32m  OK  [0m] Started Session 1 of user vagrant.
[[0;32m  OK  [0m] Started User Manager for UID 1000.
         Starting Time & Date Service...
[[0;32m  OK  [0m] Started Time & Date Service.
[[0;32m  OK  [0m] Started Wait until snapd is fully seeded.
         Starting Apply the settings specified in cloud-config...
[   15.081211] cloud-init[1721]: Cloud-init v. 23.1.2-0ubuntu0~18.04.1 running 'modules:config' at Tue, 27 Feb 2024 20:39:11 +0000. Up 14.82 seconds.
[[0;32m  OK  [0m] Started Apply the settings specified in cloud-config.
[[0;32m  OK  [0m] Reached target Multi-User System.
[[0;32m  OK  [0m] Reached target Graphical Interface.
         Starting Update UTMP about System Runlevel Changes...
         Starting Execute cloud user/final scripts...
[[0;32m  OK  [0m] Started Update UTMP about System Runlevel Changes.
ci-info: no authorized SSH keys fingerprints found for user ubuntu.
<14>Feb 27 20:39:12 cloud-init: #############################################################
<14>Feb 27 20:39:12 cloud-init: -----BEGIN SSH HOST KEY FINGERPRINTS-----
<14>Feb 27 20:39:12 cloud-init: 1024 SHA256:bWv2kZKNhwFzKesoiv0QNhZf+HIsQsHx2vyru/aLHSo root@ubuntu-bionic (DSA)
<14>Feb 27 20:39:12 cloud-init: 256 SHA256:2Wq2DTlQn0UmcnMCSZvy0gKuBa0tMX9IcncCyxFXTfQ root@ubuntu-bionic (ECDSA)
<14>Feb 27 20:39:12 cloud-init: 256 SHA256:aX4HtX44XyiDaPmuk3GyIbL1l0VAeAfMtVVOfL9LPuM root@ubuntu-bionic (ED25519)
<14>Feb 27 20:39:12 cloud-init: 2048 SHA256:nk+SM0QgvisO8JfkUE4IdhAKlqSNR0gjb+N/k6wSgmA root@ubuntu-bionic (RSA)
<14>Feb 27 20:39:12 cloud-init: -----END SSH HOST KEY FINGERPRINTS-----
<14>Feb 27 20:39:12 cloud-init: #############################################################
-----BEGIN SSH HOST KEY KEYS-----
ecdsa-sha2-nistp256 AAAAE2VjZHNhLXNoYTItbmlzdHAyNTYAAAAIbmlzdHAyNTYAAABBBAcDZl6IQwgjWlClggSnOU08v9I4fkHSK/XIjoRImYr7aZV1jRrmVbUzve66KUY+r6rNRW2eWzlHEiXN8KGm5Is= root@ubuntu-bionic
ssh-ed25519 AAAAC3NzaC1lZDI1NTE5AAAAIJWmJaBJG7ZF2YSMD9vTHrrlDKsIOLHRcQXVfnFYAhE9 root@ubuntu-bionic
ssh-rsa AAAAB3NzaC1yc2EAAAADAQABAAABAQC1EsyemZwCwANoNhVrteN8QprHGc0EaijKX4Hz3wokuoQBgauGzLC5XCO6uaKRimqd81S3PAlpKjFpdb0528fDa6l4V9a7QQe08wrRD3R5nLHzaSlIhNgs78wEu2xrzGwmF43/nXO1qBke25zOZIZQWGf9HdKjnZMajpy5kbKYlzVJQE5xTOK+NA7RlSgCIUCBevaDn9Y33IPqDncpUG55pZV1uQn4UKU3T0W6v0Hydb/qUNCVywxK1Hd9Mw9yrvutD7krmFPYcFwE2q3XIjMdpTbu6e8A9gKXWxvY6i6Il8gDY1puTtYjSUJCZETTaywOMc3tJLRWSYijauNEBHbx root@ubuntu-bionic
-----END SSH HOST KEY KEYS-----
[   15.531348] cloud-init[1800]: Cloud-init v. 23.1.2-0ubuntu0~18.04.1 running 'modules:final' at Tue, 27 Feb 2024 20:39:12 +0000. Up 15.40 seconds.
[   15.532917] cloud-init[1800]: Cloud-init v. 23.1.2-0ubuntu0~18.04.1 finished at Tue, 27 Feb 2024 20:39:12 +0000. Datasource DataSourceNoCloud [seed=/dev/sdb][dsmode=net].  Up 15.52 seconds
[[0;32m  OK  [0m] Started Execute cloud user/final scripts.
[[0;32m  OK  [0m] Reached target Cloud-init target.

Ubuntu 18.04.6 LTS nv-ad2 ttyS0

nv-ad2 login: 