[    0.000000] Linux version 4.15.0-212-generic (buildd@lcy02-amd64-083) (gcc version 7.5.0 (Ubuntu 7.5.0-3ubuntu1~18.04)) #223-Ubuntu SMP Tue May 23 13:09:22 UTC 2023 (Ubuntu 4.15.0-212.223-generic 4.15.18)
[    0.000000] Command line: BOOT_IMAGE=/boot/vmlinuz-4.15.0-212-generic root=LABEL=cloudimg-rootfs ro console=tty1 console=ttyS0
[    0.000000] KERNEL supported cpus:
[    0.000000]   Intel GenuineIntel
[    0.000000]   AMD AuthenticAMD
[    0.000000]   Centaur CentaurHauls
[    0.000000] x86/fpu: Supporting XSAVE feature 0x001: 'x87 floating point registers'
[    0.000000] x86/fpu: Supporting XSAVE feature 0x002: 'SSE registers'
[    0.000000] x86/fpu: Supporting XSAVE feature 0x004: 'AVX registers'
[    0.000000] x86/fpu: xstate_offset[2]:  576, xstate_sizes[2]:  256
[    0.000000] x86/fpu: Enabled xstate features 0x7, context size is 832 bytes, using 'standard' format.
[    0.000000] e820: BIOS-provided physical RAM map:
[    0.000000] BIOS-e820: [mem 0x0000000000000000-0x000000000009fbff] usable
[    0.000000] BIOS-e820: [mem 0x000000000009fc00-0x000000000009ffff] reserved
[    0.000000] BIOS-e820: [mem 0x00000000000f0000-0x00000000000fffff] reserved
[    0.000000] BIOS-e820: [mem 0x0000000000100000-0x000000003ffeffff] usable
[    0.000000] BIOS-e820: [mem 0x000000003fff0000-0x000000003fffffff] ACPI data
[    0.000000] BIOS-e820: [mem 0x00000000fec00000-0x00000000fec00fff] reserved
[    0.000000] BIOS-e820: [mem 0x00000000fee00000-0x00000000fee00fff] reserved
[    0.000000] BIOS-e820: [mem 0x00000000fffc0000-0x00000000ffffffff] reserved
[    0.000000] NX (Execute Disable) protection: active
[    0.000000] SMBIOS 2.5 present.
[    0.000000] DMI: innotek GmbH VirtualBox/VirtualBox, BIOS VirtualBox 12/01/2006
[    0.000000] Hypervisor detected: KVM
[    0.000000] e820: last_pfn = 0x3fff0 max_arch_pfn = 0x400000000
[    0.000000] MTRR: Disabled
[    0.000000] x86/PAT: MTRRs disabled, skipping PAT initialization too.
[    0.000000] CPU MTRRs all blank - virtualized system.
[    0.000000] x86/PAT: Configuration [0-7]: WB  WT  UC- UC  WB  WT  UC- UC  
[    0.000000] found SMP MP-table at [mem 0x0009fff0-0x0009ffff]
[    0.000000] Scanning 1 areas for low memory corruption
[    0.000000] RAMDISK: [mem 0x359cb000-0x36cdcfff]
[    0.000000] ACPI: Early table checksum verification disabled
[    0.000000] ACPI: RSDP 0x00000000000E0000 000024 (v02 VBOX  )
[    0.000000] ACPI: XSDT 0x000000003FFF0030 00003C (v01 VBOX   VBOXXSDT 00000001 ASL  00000061)
[    0.000000] ACPI: FACP 0x000000003FFF00F0 0000F4 (v04 VBOX   VBOXFACP 00000001 ASL  00000061)
[    0.000000] ACPI: DSDT 0x000000003FFF0470 002325 (v02 VBOX   VBOXBIOS 00000002 INTL 20200925)
[    0.000000] ACPI: FACS 0x000000003FFF0200 000040
[    0.000000] ACPI: FACS 0x000000003FFF0200 000040
[    0.000000] ACPI: APIC 0x000000003FFF0240 00005C (v02 VBOX   VBOXAPIC 00000001 ASL  00000061)
[    0.000000] ACPI: SSDT 0x000000003FFF02A0 0001CC (v01 VBOX   VBOXCPUT 00000002 INTL 20200925)
[    0.000000] ACPI: Reserving FACP table memory at [mem 0x3fff00f0-0x3fff01e3]
[    0.000000] ACPI: Reserving DSDT table memory at [mem 0x3fff0470-0x3fff2794]
[    0.000000] ACPI: Reserving FACS table memory at [mem 0x3fff0200-0x3fff023f]
[    0.000000] ACPI: Reserving FACS table memory at [mem 0x3fff0200-0x3fff023f]
[    0.000000] ACPI: Reserving APIC table memory at [mem 0x3fff0240-0x3fff029b]
[    0.000000] ACPI: Reserving SSDT table memory at [mem 0x3fff02a0-0x3fff046b]
[    0.000000] No NUMA configuration found
[    0.000000] Faking a node at [mem 0x0000000000000000-0x000000003ffeffff]
[    0.000000] NODE_DATA(0) allocated [mem 0x3ffc5000-0x3ffeffff]
[    0.000000] kvm-clock: cpu 0, msr 0:3ff44001, primary cpu clock
[    0.000000] kvm-clock: Using msrs 4b564d01 and 4b564d00
[    0.000000] kvm-clock: using sched offset of 3140055192 cycles
[    0.000000] clocksource: kvm-clock: mask: 0xffffffffffffffff max_cycles: 0x1cd42e4dffb, max_idle_ns: 881590591483 ns
[    0.000000] Zone ranges:
[    0.000000]   DMA      [mem 0x0000000000001000-0x0000000000ffffff]
[    0.000000]   DMA32    [mem 0x0000000001000000-0x000000003ffeffff]
[    0.000000]   Normal   empty
[    0.000000]   Device   empty
[    0.000000] Movable zone start for each node
[    0.000000] Early memory node ranges
[    0.000000]   node   0: [mem 0x0000000000001000-0x000000000009efff]
[    0.000000]   node   0: [mem 0x0000000000100000-0x000000003ffeffff]
[    0.000000] Reserved but unavailable: 104 pages
[    0.000000] Initmem setup node 0 [mem 0x0000000000001000-0x000000003ffeffff]
[    0.000000] ACPI: PM-Timer IO Port: 0x4008
[    0.000000] IOAPIC[0]: apic_id 2, version 32, address 0xfec00000, GSI 0-23
[    0.000000] ACPI: INT_SRC_OVR (bus 0 bus_irq 0 global_irq 2 dfl dfl)
[    0.000000] ACPI: INT_SRC_OVR (bus 0 bus_irq 9 global_irq 9 low level)
[    0.000000] Using ACPI (MADT) for SMP configuration information
[    0.000000] smpboot: Allowing 2 CPUs, 0 hotplug CPUs
[    0.000000] PM: Registered nosave memory: [mem 0x00000000-0x00000fff]
[    0.000000] PM: Registered nosave memory: [mem 0x0009f000-0x0009ffff]
[    0.000000] PM: Registered nosave memory: [mem 0x000a0000-0x000effff]
[    0.000000] PM: Registered nosave memory: [mem 0x000f0000-0x000fffff]
[    0.000000] e820: [mem 0x40000000-0xfebfffff] available for PCI devices
[    0.000000] Booting paravirtualized kernel on KVM
[    0.000000] clocksource: refined-jiffies: mask: 0xffffffff max_cycles: 0xffffffff, max_idle_ns: 7645519600211568 ns
[    0.000000] setup_percpu: NR_CPUS:8192 nr_cpumask_bits:2 nr_cpu_ids:2 nr_node_ids:1
[    0.000000] percpu: Embedded 50 pages/cpu s167936 r8192 d28672 u1048576
[    0.000000] PV qspinlock hash table entries: 256 (order: 0, 4096 bytes)
[    0.000000] Built 1 zonelists, mobility grouping on.  Total pages: 257913
[    0.000000] Policy zone: DMA32
[    0.000000] Kernel command line: BOOT_IMAGE=/boot/vmlinuz-4.15.0-212-generic root=LABEL=cloudimg-rootfs ro console=tty1 console=ttyS0
[    0.000000] Memory: 982644K/1048120K available (12300K kernel code, 2477K rwdata, 4324K rodata, 2480K init, 2720K bss, 65476K reserved, 0K cma-reserved)
[    0.000000] SLUB: HWalign=64, Order=0-3, MinObjects=0, CPUs=2, Nodes=1
[    0.000000] Kernel/User page tables isolation: enabled
[    0.000000] ftrace: allocating 39508 entries in 155 pages
[    0.004000] Hierarchical RCU implementation.
[    0.004000] 	RCU restricting CPUs from NR_CPUS=8192 to nr_cpu_ids=2.
[    0.004000] 	Tasks RCU enabled.
[    0.004000] RCU: Adjusting geometry for rcu_fanout_leaf=16, nr_cpu_ids=2
[    0.004000] NR_IRQS: 524544, nr_irqs: 440, preallocated irqs: 16
[    0.004000] random: crng init done
[    0.004000] Console: colour VGA+ 80x25
[    0.004000] console [tty1] enabled
[    0.004000] console [ttyS0] enabled
[    0.004000] ACPI: Core revision 20170831
[    0.004000] ACPI: 2 ACPI AML tables successfully acquired and loaded
[    0.004000] APIC: Switch to symmetric I/O mode setup
[    0.004000] x2apic enabled
[    0.004000] Switched APIC routing to physical x2apic.
[    0.004000] ..TIMER: vector=0x30 apic1=0 pin1=2 apic2=-1 pin2=-1
[    0.004000] tsc: Detected 2419.200 MHz processor
[    0.004000] Calibrating delay loop (skipped) preset value.. 4838.40 BogoMIPS (lpj=9676800)
[    0.004004] pid_max: default: 32768 minimum: 301
[    0.004495] Security Framework initialized
[    0.004929] Yama: becoming mindful.
[    0.005319] AppArmor: AppArmor initialized
[    0.006395] Dentry cache hash table entries: 131072 (order: 8, 1048576 bytes)
[    0.007171] Inode-cache hash table entries: 65536 (order: 7, 524288 bytes)
[    0.008008] Mount-cache hash table entries: 2048 (order: 2, 16384 bytes)
[    0.008685] Mountpoint-cache hash table entries: 2048 (order: 2, 16384 bytes)
[    0.009593] Last level iTLB entries: 4KB 0, 2MB 0, 4MB 0
[    0.010142] Last level dTLB entries: 4KB 0, 2MB 0, 4MB 0, 1GB 0
[    0.010729] Spectre V1 : Mitigation: usercopy/swapgs barriers and __user pointer sanitization
[    0.011575] Spectre V2 : Mitigation: Retpolines
[    0.012001] Spectre V2 : Spectre v2 / SpectreRSB mitigation: Filling RSB on context switch
[    0.012833] Spectre V2 : Spectre v2 / SpectreRSB : Filling RSB on VMEXIT
[    0.013503] Speculative Store Bypass: Vulnerable
[    0.014019] MDS: Mitigation: Clear CPU buffers
[    0.014610] Freeing SMP alternatives memory: 36K
[    0.124939] smpboot: CPU0: 11th Gen Intel(R) Core(TM) i5-1135G7 @ 2.40GHz (family: 0x6, model: 0x8c, stepping: 0x1)
[    0.126538] Performance Events: unsupported p6 CPU model 140 no PMU driver, software events only.
[    0.127482] Hierarchical SRCU implementation.
[    0.128000] NMI watchdog: Perf event create on CPU 0 failed with -2
[    0.128000] NMI watchdog: Perf NMI watchdog permanently disabled
[    0.128031] smp: Bringing up secondary CPUs ...
[    0.128569] x86: Booting SMP configuration:
[    0.129015] .... node  #0, CPUs:      #1
[    0.004000] kvm-clock: cpu 1, msr 0:3ff44041, secondary cpu clock
[    0.132015] smp: Brought up 1 node, 2 CPUs
[    0.132477] smpboot: Max logical packages: 1
[    0.132942] smpboot: Total of 2 processors activated (9676.80 BogoMIPS)
[    0.133680] devtmpfs: initialized
[    0.133680] x86/mm: Memory block size: 128MB
[    0.133680] evm: security.selinux
[    0.133680] evm: security.SMACK64
[    0.136004] evm: security.SMACK64EXEC
[    0.136403] evm: security.SMACK64TRANSMUTE
[    0.136871] evm: security.SMACK64MMAP
[    0.137266] evm: security.apparmor
[    0.137690] evm: security.ima
[    0.138038] evm: security.capability
[    0.138466] clocksource: jiffies: mask: 0xffffffff max_cycles: 0xffffffff, max_idle_ns: 7645041785100000 ns
[    0.138466] futex hash table entries: 512 (order: 3, 32768 bytes)
[    0.140035] pinctrl core: initialized pinctrl subsystem
[    0.141185] RTC time: 17:35:23, date: 03/01/24
[    0.141764] NET: Registered protocol family 16
[    0.142278] audit: initializing netlink subsys (disabled)
[    0.142846] audit: type=2000 audit(1709314527.806:1): state=initialized audit_enabled=0 res=1
[    0.144005] cpuidle: using governor ladder
[    0.144453] cpuidle: using governor menu
[    0.144897] ACPI: bus type PCI registered
[    0.145325] acpiphp: ACPI Hot Plug PCI Controller Driver version: 0.5
[    0.146029] PCI: Using configuration type 1 for base access
[    0.146617] HugeTLB registered 2.00 MiB page size, pre-allocated 0 pages
[    0.148044] ACPI: Added _OSI(Module Device)
[    0.148532] ACPI: Added _OSI(Processor Device)
[    0.148999] ACPI: Added _OSI(3.0 _SCP Extensions)
[    0.149492] ACPI: Added _OSI(Processor Aggregator Device)
[    0.150046] ACPI: Added _OSI(Linux-Dell-Video)
[    0.150513] ACPI: Added _OSI(Linux-Lenovo-NV-HDMI-Audio)
[    0.151057] ACPI: Added _OSI(Linux-HPI-Hybrid-Graphics)
[    0.152182] ACPI: Executed 1 blocks of module-level executable AML code
[    0.155030] ACPI: Interpreter enabled
[    0.155460] ACPI: (supports S0 S5)
[    0.155836] ACPI: Using IOAPIC for interrupt routing
[    0.156156] PCI: Using host bridge windows from ACPI; if necessary, use "pci=nocrs" and report a bug
[    0.157175] ACPI: Enabled 2 GPEs in block 00 to 07
[    0.161703] ACPI: PCI Root Bridge [PCI0] (domain 0000 [bus 00-ff])
[    0.162367] acpi PNP0A03:00: _OSC: OS supports [ASPM ClockPM Segments MSI]
[    0.163366] acpi PNP0A03:00: _OSC: not requesting OS control; OS requires [ExtendedConfig ASPM ClockPM MSI]
[    0.164007] acpi PNP0A03:00: fail to add MMCONFIG information, can't access extended PCI configuration space under this bridge.
[    0.165402] PCI host bridge to bus 0000:00
[    0.165862] pci_bus 0000:00: root bus resource [io  0x0000-0x0cf7 window]
[    0.166535] pci_bus 0000:00: root bus resource [io  0x0d00-0xffff window]
[    0.167211] pci_bus 0000:00: root bus resource [mem 0x000a0000-0x000bffff window]
[    0.168002] pci_bus 0000:00: root bus resource [mem 0x40000000-0xfdffffff window]
[    0.172002] pci_bus 0000:00: root bus resource [bus 00-ff]
[    0.173667] pci 0000:00:01.1: legacy IDE quirk: reg 0x10: [io  0x01f0-0x01f7]
[    0.174426] pci 0000:00:01.1: legacy IDE quirk: reg 0x14: [io  0x03f6]
[    0.175092] pci 0000:00:01.1: legacy IDE quirk: reg 0x18: [io  0x0170-0x0177]
[    0.176001] pci 0000:00:01.1: legacy IDE quirk: reg 0x1c: [io  0x0376]
[    0.184049] pci 0000:00:07.0: quirk: [io  0x4000-0x403f] claimed by PIIX4 ACPI
[    0.184883] pci 0000:00:07.0: quirk: [io  0x4100-0x410f] claimed by PIIX4 SMB
[    0.190050] ACPI: PCI Interrupt Link [LNKA] (IRQs 5 9 10 *11)
[    0.190871] ACPI: PCI Interrupt Link [LNKB] (IRQs 5 9 *10 11)
[    0.191517] ACPI: PCI Interrupt Link [LNKC] (IRQs 5 *9 10 11)
[    0.192072] ACPI: PCI Interrupt Link [LNKD] (IRQs 5 9 10 *11)
[    0.192953] SCSI subsystem initialized
[    0.193420] pci 0000:00:02.0: vgaarb: setting as boot VGA device
[    0.193420] pci 0000:00:02.0: vgaarb: VGA device added: decodes=io+mem,owns=io+mem,locks=none
[    0.193506] pci 0000:00:02.0: vgaarb: bridge control possible
[    0.194089] vgaarb: loaded
[    0.196020] ACPI: bus type USB registered
[    0.196470] usbcore: registered new interface driver usbfs
[    0.197046] usbcore: registered new interface driver hub
[    0.197586] usbcore: registered new device driver usb
[    0.198135] EDAC MC: Ver: 3.0.0
[    0.198135] PCI: Using ACPI for IRQ routing
[    0.198135] NetLabel: Initializing
[    0.198135] NetLabel:  domain hash size = 128
[    0.200008] NetLabel:  protocols = UNLABELED CIPSOv4 CALIPSO
[    0.200604] NetLabel:  unlabeled traffic allowed by default
[    0.201182] clocksource: Switched to clocksource kvm-clock
[    0.208643] VFS: Disk quotas dquot_6.6.0
[    0.209160] VFS: Dquot-cache hash table entries: 512 (order 0, 4096 bytes)
[    0.209931] AppArmor: AppArmor Filesystem Enabled
[    0.210443] pnp: PnP ACPI init
[    0.211366] pnp: PnP ACPI: found 3 devices
[    0.220215] clocksource: acpi_pm: mask: 0xffffff max_cycles: 0xffffff, max_idle_ns: 2085701024 ns
[    0.221265] NET: Registered protocol family 2
[    0.221759] IP idents hash table entries: 16384 (order: 5, 131072 bytes)
[    0.223136] TCP established hash table entries: 8192 (order: 4, 65536 bytes)
[    0.223882] TCP bind hash table entries: 8192 (order: 5, 131072 bytes)
[    0.224547] TCP: Hash tables configured (established 8192 bind 8192)
[    0.225203] UDP hash table entries: 512 (order: 2, 16384 bytes)
[    0.225801] UDP-Lite hash table entries: 512 (order: 2, 16384 bytes)
[    0.226453] NET: Registered protocol family 1
[    0.226928] pci 0000:00:00.0: Limiting direct PCI/PCI transfers
[    0.227540] pci 0000:00:01.0: Activating ISA DMA hang workarounds
[    0.228197] pci 0000:00:02.0: Video device with shadowed ROM at [mem 0x000c0000-0x000dffff]
[    0.229105] Unpacking initramfs...
[    0.426549] Freeing initrd memory: 19528K
[    0.427138] clocksource: tsc: mask: 0xffffffffffffffff max_cycles: 0x22df1149949, max_idle_ns: 440795312789 ns
[    0.428179] platform rtc_cmos: registered platform RTC device (no PNP device found)
[    0.428969] Scanning for low memory corruption every 60 seconds
[    0.430041] Initialise system trusted keyrings
[    0.430525] Key type blacklist registered
[    0.431038] workingset: timestamp_bits=36 max_order=18 bucket_order=0
[    0.432324] zbud: loaded
[    0.433023] squashfs: version 4.0 (2009/01/31) Phillip Lougher
[    0.433782] fuse init (API version 7.26)
[    0.435319] Key type asymmetric registered
[    0.435809] Asymmetric key parser 'x509' registered
[    0.436375] Block layer SCSI generic (bsg) driver version 0.4 loaded (major 246)
[    0.437169] io scheduler noop registered
[    0.437592] io scheduler deadline registered
[    0.438054] io scheduler cfq registered (default)
[    0.438795] ACPI: AC Adapter [AC] (off-line)
[    0.439282] input: Power Button as /devices/LNXSYSTM:00/LNXPWRBN:00/input/input0
[    0.440152] ACPI: Power Button [PWRF]
[    0.440589] input: Sleep Button as /devices/LNXSYSTM:00/LNXSLPBN:00/input/input1
[    0.441346] ACPI: Sleep Button [SLPF]
[    0.442431] ACPI: Battery Slot [BAT0] (battery present)
[    0.443113] Serial: 8250/16550 driver, 32 ports, IRQ sharing enabled
[    0.464288] 00:02: ttyS0 at I/O 0x3f8 (irq = 4, base_baud = 115200) is a 16550A
[    0.466846] Linux agpgart interface v0.103
[    0.468736] loop: module loaded
[    0.469512] scsi host0: ata_piix
[    0.469964] scsi host1: ata_piix
[    0.470339] ata1: PATA max UDMA/33 cmd 0x1f0 ctl 0x3f6 bmdma 0xd000 irq 14
[    0.471031] ata2: PATA max UDMA/33 cmd 0x170 ctl 0x376 bmdma 0xd008 irq 15
[    0.471786] tun: Universal TUN/TAP device driver, 1.6
[    0.472435] PPP generic driver version 2.4.2
[    0.472967] ehci_hcd: USB 2.0 'Enhanced' Host Controller (EHCI) Driver
[    0.473624] ehci-pci: EHCI PCI platform driver
[    0.474099] ehci-platform: EHCI generic platform driver
[    0.474646] ohci_hcd: USB 1.1 'Open' Host Controller (OHCI) Driver
[    0.475269] ohci-pci: OHCI PCI platform driver
[    0.475741] ohci-platform: OHCI generic platform driver
[    0.476301] uhci_hcd: USB Universal Host Controller Interface driver
[    0.476971] i8042: PNP: PS/2 Controller [PNP0303:PS2K,PNP0f03:PS2M] at 0x60,0x64 irq 1,12
[    0.478156] serio: i8042 KBD port at 0x60,0x64 irq 1
[    0.478689] serio: i8042 AUX port at 0x60,0x64 irq 12
[    0.479300] mousedev: PS/2 mouse device common for all mice
[    0.480212] input: AT Translated Set 2 keyboard as /devices/platform/i8042/serio0/input/input2
[    0.481250] rtc_cmos rtc_cmos: rtc core: registered rtc_cmos as rtc0
[    0.481945] rtc_cmos rtc_cmos: alarms up to one day, 114 bytes nvram
[    0.482595] i2c /dev entries driver
[    0.483009] device-mapper: uevent: version 1.0.3
[    0.483566] device-mapper: ioctl: 4.37.0-ioctl (2017-09-20) initialised: dm-devel@redhat.com
[    0.484561] ledtrig-cpu: registered to indicate activity on CPUs
[    0.485518] NET: Registered protocol family 10
[    0.488550] Segment Routing with IPv6
[    0.489010] NET: Registered protocol family 17
[    0.489640] Key type dns_resolver registered
[    0.490247] mce: Using 0 MCE banks
[    0.490636] RAS: Correctable Errors collector initialized.
[    0.491220] sched_clock: Marking stable (490227860, 0)->(583411560, -93183700)
[    0.492286] registered taskstats version 1
[    0.492753] Loading compiled-in X.509 certificates
[    0.494779] Loaded X.509 cert 'Build time autogenerated kernel key: b5b26778eaa3ab3a4a6cee031137706e947d12ad'
[    0.496260] Loaded X.509 cert 'Canonical Ltd. Live Patch Signing: 14df34d1a87cf37625abec039ef2bf521249b969'
[    0.497613] Loaded X.509 cert 'Canonical Ltd. Kernel Module Signing: 88f752e560a1e0737e31163a466ad7b70a850c19'
[    0.498616] blacklist: Loading compiled-in revocation X.509 certificates
[    0.499297] Loaded X.509 cert 'Canonical Ltd. Secure Boot Signing: 61482aa2830d0ab2ad5af10b7250da9033ddcef0'
[    0.500286] Loaded X.509 cert 'Canonical Ltd. Secure Boot Signing (2017): 242ade75ac4a15e50d50c84b0d45ff3eae707a03'
[    0.501337] Loaded X.509 cert 'Canonical Ltd. Secure Boot Signing (ESM 2018): 365188c1d374d6b07c3c8f240f8ef722433d6a8b'
[    0.502424] Loaded X.509 cert 'Canonical Ltd. Secure Boot Signing (2019): c0746fd6c5da3ae827864651ad66ae47fe24b3e8'
[    0.503500] Loaded X.509 cert 'Canonical Ltd. Secure Boot Signing (2021 v1): a8d54bbb3825cfb94fa13c9f8a594a195c107b8d'
[    0.504569] Loaded X.509 cert 'Canonical Ltd. Secure Boot Signing (2021 v2): 4cf046892d6fd3c9a5b03f98d845f90851dc6a8c'
[    0.505667] Loaded X.509 cert 'Canonical Ltd. Secure Boot Signing (2021 v3): 100437bb6de6e469b581e61cd66bce3ef4ed53af'
[    0.506761] Loaded X.509 cert 'Canonical Ltd. Secure Boot Signing (Ubuntu Core 2019): c1d57b8f6b743f23ee41f4f7ee292f06eecadfb9'
[    0.507898] zswap: loaded using pool lzo/zbud
[    0.510744] Key type big_key registered
[    0.511178] Key type trusted registered
[    0.512955] Key type encrypted registered
[    0.513424] AppArmor: AppArmor sha1 policy hashing enabled
[    0.514015] ima: No TPM chip found, activating TPM-bypass! (rc=-19)
[    0.514682] ima: Allocated hash algorithm: sha1
[    0.515170] evm: HMAC attrs: 0x1
[    0.515688]   Magic number: 0:887:591
[    0.516223] rtc_cmos rtc_cmos: setting system clock to 2024-03-01 17:35:23 UTC (1709314523)
[    0.517222] BIOS EDD facility v0.16 2004-Jun-25, 0 devices found
[    0.517842] EDD information not available.
[    0.653171] Freeing unused kernel image memory: 2480K
[    0.767930] Write protecting the kernel read-only data: 20480k
[    0.771372] Freeing unused kernel image memory: 2008K
[    0.773977] Freeing unused kernel image memory: 1820K
[    0.778862] x86/mm: Checked W+X mappings: passed, no W+X pages found.
[    0.779550] x86/mm: Checking user space page tables
[    0.783306] x86/mm: Checked W+X mappings: passed, no W+X pages found.
Loading, please wait...
starting version 237
[    0.822250] e1000: Intel(R) PRO/1000 Network Driver - version 7.3.21-k8-NAPI
[    0.823119] e1000: Copyright (c) 1999-2006 Intel Corporation.
[    0.826936] Fusion MPT base driver 3.04.20
[    0.827536] Copyright (c) 1999-2008 LSI Corporation
[    0.837366] Fusion MPT SPI Host driver 3.04.20
[    0.845884] AVX2 version of gcm_enc/dec engaged.
[    0.846536] AES CTR mode by8 optimization enabled
[    1.041638] input: ImExPS/2 Generic Explorer Mouse as /devices/platform/i8042/serio1/input/input4
[    1.471393] e1000 0000:00:03.0 eth0: (PCI:33MHz:32-bit) 02:3b:7b:b7:3b:2d
[    1.472349] e1000 0000:00:03.0 eth0: Intel(R) PRO/1000 Network Connection
[    1.473845] mptbase: ioc0: Initiating bringup
[    2.433542] ioc0: LSI53C1030 A0: Capabilities={Initiator}
[    5.372153] scsi host2: ioc0: LSI53C1030 A0, FwRev=00000000h, Ports=1, MaxQ=256, IRQ=20
[    7.433626] scsi 2:0:0:0: Direct-Access     VBOX     HARDDISK         1.0  PQ: 0 ANSI: 5
[    7.728320] scsi target2:0:0: Beginning Domain Validation
[    7.785782] scsi target2:0:0: Domain Validation skipping write tests
[    7.786604] scsi target2:0:0: Ending Domain Validation
[    7.790856] scsi target2:0:0: asynchronous
[    7.792482] scsi 2:0:1:0: Direct-Access     VBOX     HARDDISK         1.0  PQ: 0 ANSI: 5
[    8.000186] scsi target2:0:1: Beginning Domain Validation
[    8.002620] scsi target2:0:1: Domain Validation skipping write tests
[    8.003498] scsi target2:0:1: Ending Domain Validation
[    8.004240] scsi target2:0:1: asynchronous
[    8.007681] sd 2:0:0:0: Attached scsi generic sg0 type 0
[    8.008286] sd 2:0:0:0: [sda] 83886080 512-byte logical blocks: (42.9 GB/40.0 GiB)
[    8.009110] sd 2:0:0:0: [sda] Write Protect is off
[    8.009720] sd 2:0:0:0: [sda] Incomplete mode parameter data
[    8.010305] sd 2:0:0:0: [sda] Assuming drive cache: write through
[    8.011429] sd 2:0:1:0: [sdb] 20480 512-byte logical blocks: (10.5 MB/10.0 MiB)
[    8.012242] sd 2:0:1:0: Attached scsi generic sg1 type 0
[    8.012850] sd 2:0:1:0: [sdb] Write Protect is off
[    8.013485] sd 2:0:1:0: [sdb] Incomplete mode parameter data
[    8.014074] sd 2:0:1:0: [sdb] Assuming drive cache: write through
[    8.020177]  sda: sda1
[    8.020809] sd 2:0:0:0: [sda] Attached SCSI disk
[    8.025087] sd 2:0:1:0: [sdb] Attached SCSI disk
[    8.033305] e1000 0000:00:08.0 eth1: (PCI:33MHz:32-bit) 08:00:27:72:78:78
[    8.034106] e1000 0000:00:08.0 eth1: Intel(R) PRO/1000 Network Connection
[    8.035466] e1000 0000:00:03.0 enp0s3: renamed from eth0
[    8.048304] e1000 0000:00:08.0 enp0s8: renamed from eth1
Begin: Loading essential drivers ... [    9.384069] raid6: sse2x1   gen() 17777 MB/s
[    9.432069] raid6: sse2x1   xor() 10646 MB/s
[    9.480069] raid6: sse2x2   gen() 22735 MB/s
[    9.528029] raid6: sse2x2   xor() 14761 MB/s
[    9.576067] raid6: sse2x4   gen() 23986 MB/s
[    9.624065] raid6: sse2x4   xor() 13791 MB/s
[    9.672004] raid6: avx2x1   gen() 34473 MB/s
[    9.723258] raid6: avx2x1   xor() 20098 MB/s
[    9.768071] raid6: avx2x2   gen() 42034 MB/s
[    9.816006] raid6: avx2x2   xor() 27831 MB/s
[    9.864036] raid6: avx2x4   gen() 42495 MB/s
[    9.912034] raid6: avx2x4   xor() 23966 MB/s
[    9.912511] raid6: using algorithm avx2x4 gen() 42495 MB/s
[    9.913070] raid6: .... xor() 23966 MB/s, rmw enabled
[    9.913593] raid6: using avx2x2 recovery algorithm
[    9.914840] xor: automatically using best checksumming function   avx       
[    9.916408] async_tx: api initialized (async)
done.
Begin: Running /scripts/init-premount ... done.
Begin: Mounting root file system ... Begin: Running /scripts/local-top ... done.
Begin: Running /scripts/local-premount ... [    9.945901] Btrfs loaded, crc32c=crc32c-intel
Scanning for Btrfs filesystems
done.
Warning: fsck not present, so skipping root file system
[   10.006193] EXT4-fs (sda1): mounted filesystem with ordered data mode. Opts: (null)
done.
Begin: Running /scripts/local-bottom ... done.
Begin: Running /scripts/init-bottom ... done.
[   10.166122] ip_tables: (C) 2000-2006 Netfilter Core Team
[   10.171894] systemd[1]: systemd 237 running in system mode. (+PAM +AUDIT +SELINUX +IMA +APPARMOR +SMACK +SYSVINIT +UTMP +LIBCRYPTSETUP +GCRYPT +GNUTLS +ACL +XZ +LZ4 +SECCOMP +BLKID +ELFUTILS +KMOD -IDN2 +IDN -PCRE2 default-hierarchy=hybrid)
[   10.174560] systemd[1]: Detected virtualization oracle.
[   10.175231] systemd[1]: Detected architecture x86-64.

Welcome to [1mUbuntu 18.04.6 LTS[0m!

[   10.178758] systemd[1]: Set hostname to <ubuntu>.
[   10.180242] systemd[1]: Initializing machine ID from random generator.
[   10.181078] systemd[1]: Installed transient /etc/machine-id file.
[   10.374779] systemd[1]: Reached target Swap.
[[0;32m  OK  [0m] Reached target Swap.
[   10.375742] systemd[1]: Reached target System Time Synchronized.
[[0;32m  OK  [0m] Reached target System Time Synchronized.
[   10.376891] systemd[1]: Reached target Mounting snaps.
[[0;32m  OK  [0m] Reached target Mounting snaps.
[   10.377862] systemd[1]: Reached target User and Group Name Lookups.
[[0;32m  OK  [0m] Reached target User and Group Name Lookups.
[[0;32m  OK  [0m] Started Forward Password Requests to Wall Directory Watch.
[[0;32m  OK  [0m] Set up automount Arbitrary Executabâ€¦rmats File System Automount Point.
[[0;32m  OK  [0m] Created slice System Slice.
[[0;32m  OK  [0m] Listening on Syslog Socket.
[[0;32m  OK  [0m] Listening on /dev/initctl Compatibility Named Pipe.
[[0;32m  OK  [0m] Listening on udev Control Socket.
[[0;32m  OK  [0m] Listening on udev Kernel Socket.
[[0;32m  OK  [0m] Listening on Journal Audit Socket.
[[0;32m  OK  [0m] Listening on Device-mapper event daemon FIFOs.
[[0;32m  OK  [0m] Listening on Network Service Netlink Socket.
[[0;32m  OK  [0m] Listening on Journal Socket (/dev/log).
[[0;32m  OK  [0m] Reached target Mounted snaps.
[[0;32m  OK  [0m] Listening on Journal Socket.
         Starting Journal Service...
         Starting udev Coldplug all Devices...
         Starting Set the console keyboard layout...
         Starting Load Kernel Modules...
         Starting Create list of required stâ€¦ce nodes for the current kernel...
         Mounting Kernel Debug File System...
[[0;32m  OK  [0m] Listening on LVM2 poll daemon socket.
         Starting Uncomplicated firewall...
[[0;32m  OK  [0m] Created slice User and Session Slice.
[[0;32m  OK  [0m] Reached target Slices.
         Mounting POSIX Message Queue File System...
         Mounting Huge Pages File System...
[[0;32m  OK  [0m] Listening on LVM2 metadata daemon socket.
         Starting Monitoring of LVM2 mirrorsâ€¦ng dmeventd or progress polling...
[[0;32m  OK  [0m] Listening on fsck to fsckd communication Socket.
         Starting File System Check on Root Device...
[[0;32m  OK  [0m] Created slice system-serial\x2dgetty.slice.
[[0;32m  OK  [0m] Started Journal Service.
[[0;32m  OK  [0m] Started udev Coldplug all Devices.
[   10.437349] Loading iSCSI transport class v2.0-870.
[   10.441936] iscsi: registered transport (tcp)
[[0;32m  OK  [0m] Started Create list of required staâ€¦vice nodes for the current kernel.
         Starting Create Static Device Nodes in /dev...
[[0;32m  OK  [0m] Started Uncomplicated firewall.
[[0;32m  OK  [0m] Started File System Check Daemon to report status.
[[0;32m  OK  [0m] Started File System Check on Root Device.
         Starting Remount Root and Kernel File Systems...
[   10.505487] iscsi: registered transport (iser)
[[0;32m  OK  [0m] Started Load Kernel Modules.
[[0;32m  OK  [0m] Mounted Kernel Debug File System.
[[0;32m  OK  [0m] Mounted POSIX Message Queue File System.
[[0;32m  OK  [0m] Mounted Huge Pages File System.
         Mounting Kernel Configuration File System...
         Mounting FUSE Control File System...
         Starting Apply Kernel Variables...
[[0;32m  OK  [0m] Mounted Kernel Configuration File System.
[[0;32m  OK  [0m] Mounted FUSE Control File System.
[[0;32m  OK  [0m] Started Create Static Device Nodes in /dev.
[[0;32m  OK  [0m] Started LVM2 metadata daemon.
[[0;32m  OK  [0m] Started Remount Root and Kernel File Systems.
         Starting Flush Journal to Persistent Storage...
         Starting Load/Save Random Seed...
         Starting udev Kernel Device Manager...
[[0;32m  OK  [0m] Started Apply Kernel Variables.
[[0;32m  OK  [0m] Started Load/Save Random Seed.
[[0;32m  OK  [0m] Started Monitoring of LVM2 mirrors,â€¦sing dmeventd or progress polling.
[[0;32m  OK  [0m] Started udev Kernel Device Manager.
[[0;32m  OK  [0m] Started Flush Journal to Persistent Storage.
[[0;32m  OK  [0m] Found device /dev/ttyS0.
[[0;32m  OK  [0m] Listening on Load/Save RF Kill Switch Status /dev/rfkill Watch.
         Mounting Arbitrary Executable File Formats File System...
[[0;32m  OK  [0m] Mounted Arbitrary Executable File Formats File System.
[[0;32m  OK  [0m] Started Set the console keyboard layout.
[[0;32m  OK  [0m] Started Dispatch Password Requests to Console Directory Watch.
[[0;32m  OK  [0m] Reached target Local Encrypted Volumes.
[[0;32m  OK  [0m] Reached target Local File Systems (Pre).
[[0;32m  OK  [0m] Reached target Local File Systems.
         Starting Tell Plymouth To Write Out Runtime Data...
         Starting ebtables ruleset management...
         Starting Commit a transient machine-id on disk...
         Starting AppArmor initialization...
         Starting Create Volatile Files and Directories...
         Starting Set console font and keymap...
[[0;32m  OK  [0m] Started Tell Plymouth To Write Out Runtime Data.
[[0;32m  OK  [0m] Started Create Volatile Files and Directories.
         Starting Update UTMP about System Boot/Shutdown...
[[0;32m  OK  [0m] Started Update UTMP about System Boot/Shutdown.
[[0;32m  OK  [0m] Started Commit a transient machine-id on disk.
[[0;32m  OK  [0m] Started ebtables ruleset management.
[[0;32m  OK  [0m] Started AppArmor initialization.
         Starting Load AppArmor profiles managed internally by snapd...
         Starting Initial cloud-init job (pre-networking)...
[[0;32m  OK  [0m] Started Load AppArmor profiles managed internally by snapd.
[[0;32m  OK  [0m] Started Set console font and keymap.
[   12.748560] cloud-init[846]: Cloud-init v. 23.1.2-0ubuntu0~18.04.1 running 'init-local' at Fri, 01 Mar 2024 17:35:35 +0000. Up 12.55 seconds.
[[0;32m  OK  [0m] Started Initial cloud-init job (pre-networking).
[[0;32m  OK  [0m] Reached target Network (Pre).
         Starting Network Service...
[[0;32m  OK  [0m] Started Network Service.
         Starting Wait for Network to be Configured...
         Starting Network Name Resolution...
[[0;32m  OK  [0m] Started Network Name Resolution.
[[0;32m  OK  [0m] Reached target Host and Network Name Lookups.
[[0;32m  OK  [0m] Reached target Network.
[[0;32m  OK  [0m] Started Wait for Network to be Configured.
         Starting Initial cloud-init job (metadata service crawler)...
[   14.392354] cloud-init[1009]: Cloud-init v. 23.1.2-0ubuntu0~18.04.1 running 'init' at Fri, 01 Mar 2024 17:35:37 +0000. Up 14.30 seconds.
[   14.393424] cloud-init[1009]: ci-info: ++++++++++++++++++++++++++++++++++++++Net device info+++++++++++++++++++++++++++++++++++++++
[   14.394536] cloud-init[1009]: ci-info: +--------+-------+----------------------------+---------------+--------+-------------------+
[   14.395678] cloud-init[1009]: ci-info: | Device |   Up  |          Address           |      Mask     | Scope  |     Hw-Address    |
[   14.396615] cloud-init[1009]: ci-info: +--------+-------+----------------------------+---------------+--------+-------------------+
[   14.397753] cloud-init[1009]: ci-info: | enp0s3 |  True |         10.0.2.15          | 255.255.255.0 | global | 02:3b:7b:b7:3b:2d |
[   14.398891] cloud-init[1009]: ci-info: | enp0s3 |  True | fe80::3b:7bff:feb7:3b2d/64 |       .       |  link  | 02:3b:7b:b7:3b:2d |
[   14.400035] cloud-init[1009]: ci-info: | enp0s8 | False |             .              |       .       |   .    | 08:00:27:72:78:78 |
[   14.401220] cloud-init[1009]: ci-info: |   lo   |  True |         127.0.0.1          |   255.0.0.0   |  host  |         .         |
[   14.402367] cloud-init[1009]: ci-info: |   lo   |  True |          ::1/128           |       .       |  host  |         .         |
[   14.403510] cloud-init[1009]: ci-info: +--------+-------+----------------------------+---------------+--------+-------------------+
[   14.404668] cloud-init[1009]: ci-info: ++++++++++++++++++++++++++++Route IPv4 info+++++++++++++++++++++++++++++
[   14.405673] cloud-init[1009]: ci-info: +-------+-------------+----------+-----------------+-----------+-------+
[   14.406681] cloud-init[1009]: ci-info: | Route | Destination | Gateway  |     Genmask     | Interface | Flags |
[   14.407705] cloud-init[1009]: ci-info: +-------+-------------+----------+-----------------+-----------+-------+
[   14.408741] cloud-init[1009]: ci-info: |   0   |   0.0.0.0   | 10.0.2.2 |     0.0.0.0     |   enp0s3  |   UG  |
[   14.409756] cloud-init[1009]: ci-info: |   1   |   10.0.2.0  | 0.0.0.0  |  255.255.255.0  |   enp0s3  |   U   |
[   14.410758] cloud-init[1009]: ci-info: |   2   |   10.0.2.2  | 0.0.0.0  | 255.255.255.255 |   enp0s3  |   UH  |
[   14.411771] cloud-init[1009]: ci-info: +-------+-------------+----------+-----------------+-----------+-------+
[   14.412788] cloud-init[1009]: ci-info: +++++++++++++++++++Route IPv6 info+++++++++++++++++++
[   14.413664] cloud-init[1009]: ci-info: +-------+-------------+---------+-----------+-------+
[   14.414530] cloud-init[1009]: ci-info: | Route | Destination | Gateway | Interface | Flags |
[   14.424194] cloud-init[1009]: ci-info: +-------+-------------+---------+-----------+-------+
[   14.425030] cloud-init[1009]: ci-info: |   1   |  fe80::/64  |    ::   |   enp0s3  |   U   |
[   14.425919] cloud-init[1009]: ci-info: |   3   |    local    |    ::   |   enp0s3  |   U   |
[   14.426791] cloud-init[1009]: ci-info: |   4   |   ff00::/8  |    ::   |   enp0s3  |   U   |
[   14.427678] cloud-init[1009]: ci-info: +-------+-------------+---------+-----------+-------+
[   14.920728] cloud-init[1009]: Generating public/private rsa key pair.
[   14.921386] cloud-init[1009]: Your identification has been saved in /etc/ssh/ssh_host_rsa_key.
[   14.922391] cloud-init[1009]: Your public key has been saved in /etc/ssh/ssh_host_rsa_key.pub.
[   14.923399] cloud-init[1009]: The key fingerprint is:
[   14.923976] cloud-init[1009]: SHA256:u3RmW/8AXqnT4vOynjqUV2BkKaokA3xEcC9FJDaBk58 root@ubuntu-bionic
[   14.924716] cloud-init[1009]: The key's randomart image is:
[   14.925229] cloud-init[1009]: +---[RSA 2048]----+
[   14.925686] cloud-init[1009]: | ..*O++    .o.   |
[   14.926147] cloud-init[1009]: |  *o.=    ..+    |
[   14.926593] cloud-init[1009]: |   =...  . o .   |
[   14.927043] cloud-init[1009]: |    E.. .     .. |
[   14.927495] cloud-init[1009]: |     + .S  ...o  |
[   14.927958] cloud-init[1009]: |      .  .o..=   |
[   14.928423] cloud-init[1009]: |        o.+.* o  |
[   14.928866] cloud-init[1009]: |       . =.+o= . |
[   14.929310] cloud-init[1009]: |        . o+==o..|
[   14.929757] cloud-init[1009]: +----[SHA256]-----+
[   14.930202] cloud-init[1009]: Generating public/private dsa key pair.
[   14.930758] cloud-init[1009]: Your identification has been saved in /etc/ssh/ssh_host_dsa_key.
[   14.931437] cloud-init[1009]: Your public key has been saved in /etc/ssh/ssh_host_dsa_key.pub.
[   14.932187] cloud-init[1009]: The key fingerprint is:
[   14.932623] cloud-init[1009]: SHA256:THtdh4tyaLadC7zssnprYLWb+tWUIQX3sSaVKxUvOAI root@ubuntu-bionic
[   14.933327] cloud-init[1009]: The key's randomart image is:
[   14.933829] cloud-init[1009]: +---[DSA 1024]----+
[   14.934279] cloud-init[1009]: |        E ..o +o |
[   14.934759] cloud-init[1009]: |         . o +o= |
[   14.935199] cloud-init[1009]: |        . o =.B.o|
[   14.935652] cloud-init[1009]: |       o.. =.O.+ |
[   14.936112] cloud-init[1009]: |       .S.* *..  |
[   14.936545] cloud-init[1009]: |      o .= B .   |
[   14.936985] cloud-init[1009]: |     . . o= +    |
[   14.937442] cloud-init[1009]: |        *o o .   |
[   14.937892] cloud-init[1009]: |      o*+=+ .    |
[   14.938335] cloud-init[1009]: +----[SHA256]-----+
[   14.938775] cloud-init[1009]: Generating public/private ecdsa key pair.
[   14.939329] cloud-init[1009]: Your identification has been saved in /etc/ssh/ssh_host_ecdsa_key.
[   14.940032] cloud-init[1009]: Your public key has been saved in /etc/ssh/ssh_host_ecdsa_key.pub.
[   14.940747] cloud-init[1009]: The key fingerprint is:
[   14.941214] cloud-init[1009]: SHA256:Xrgse0wnrFBi/Yg0RthC5+4YZCLS89FFCCG/8m6GNGM root@ubuntu-bionic
[   14.941918] cloud-init[1009]: The key's randomart image is:
[   14.942407] cloud-init[1009]: +---[ECDSA 256]---+
[   14.942845] cloud-init[1009]: | .oo+o oo        |
[   14.943281] cloud-init[1009]: | .o=o...         |
[   14.943729] cloud-init[1009]: |+ =o+..          |
[   14.944186] cloud-init[1009]: |o+ +*oo  .       |
[   14.944621] cloud-init[1009]: |  o++= +S .      |
[   14.945056] cloud-init[1009]: |  E*o .o=o.      |
[   14.945485] cloud-init[1009]: | o.+o..++o       |
[   14.945923] cloud-init[1009]: |  ..o .oo        |
[   14.946361] cloud-init[1009]: |   o. ..         |
[   14.946805] cloud-init[1009]: +----[SHA256]-----+
[   14.947250] cloud-init[1009]: Generating public/private ed25519 key pair.
[   14.947829] cloud-init[1009]: Your identification has been saved in /etc/ssh/ssh_host_ed25519_key.
[   14.948552] cloud-init[1009]: Your public key has been saved in /etc/ssh/ssh_host_ed25519_key.pub.
[   14.949252] cloud-init[1009]: The key fingerprint is:
[   14.949712] cloud-init[1009]: SHA256:cAIVvCO32KfoIUQhihILYu3CNqDIFBKgLslmUOs1/f0 root@ubuntu-bionic
[   14.950423] cloud-init[1009]: The key's randomart image is:
[   14.950914] cloud-init[1009]: +--[ED25519 256]--+
[   14.951352] cloud-init[1009]: |X+= .oo.         |
[   14.951807] cloud-init[1009]: |X* + o.          |
[   14.952275] cloud-init[1009]: |# + o +..        |
[   14.952714] cloud-init[1009]: |BX o..+= .       |
[   14.953153] cloud-init[1009]: |+==  = oS .      |
[   14.953595] cloud-init[1009]: |+.  . o .  .     |
[   14.954039] cloud-init[1009]: |  . .. o    E    |
[   14.954478] cloud-init[1009]: |   ....          |
[   14.954945] cloud-init[1009]: |   ..            |
[   14.955384] cloud-init[1009]: [[0;32m  OK  [0m] Started Initial cloud-init job (metadata service crawler).
+----[SHA256]-----+
[[0;32m  OK  [0m] Reached target Network is Online.
[[0;32m  OK  [0m] Reached target Remote File Systems (Pre).
[[0;32m  OK  [0m] Reached target Remote File Systems.
         Starting Availability of block devices...
[[0;32m  OK  [0m] Reached target System Initialization.
[[0;32m  OK  [0m] Started Daily apt download activities.
[[0;32m  OK  [0m] Listening on D-Bus System Message Bus Socket.
[[0;32m  OK  [0m] Started Discard unused blocks once a week.
         Starting LXD - unix socket.
[[0;32m  OK  [0m] Listening on Open-iSCSI iscsid Socket.
[[0;32m  OK  [0m] Listening on cloud-init hotplug hook socket.
[[0;32m  OK  [0m] Listening on ACPID Listen Socket.
         Starting Socket activation for snappy daemon.
[[0;32m  OK  [0m] Listening on UUID daemon activation socket.
[[0;32m  OK  [0m] Started ACPI Events Check.
[[0;32m  OK  [0m] Started Daily apt upgrade and clean activities.
[[0;32m  OK  [0m] Started Daily Cleanup of Temporary Directories.
[[0;32m  OK  [0m] Started Ubuntu Advantage Timer for running repeated jobs.
[[0;32m  OK  [0m] Started Message of the Day.
[[0;32m  OK  [0m] Reached target Timers.
[[0;32m  OK  [0m] Reached target Paths.
[[0;32m  OK  [0m] Reached target Cloud-config availability.
[[0;32m  OK  [0m] Listening on LXD - unix socket.
[[0;32m  OK  [0m] Listening on Socket activation for snappy daemon.
[[0;32m  OK  [0m] Reached target Sockets.
[[0;32m  OK  [0m] Reached target Basic System.
[[0;32m  OK  [0m] Started Deferred execution scheduler.
[[0;32m  OK  [0m] Reached target Login Prompts (Pre).
         Starting Pollinate to seed the pseudo random number generator...
         Starting Permit User Sessions...
[[0;32m  OK  [0m] Started D-Bus System Message Bus.
         Starting LSB: Record successful boot for GRUB...
         Starting Accounts Service...
         Starting Snap Daemon...
         Starting System Logging Service...
[[0;32m  OK  [0m] Started FUSE filesystem for LXC.
         Starting Login Service...
[[0;32m  OK  [0m] Started Regular background program processing daemon.
         Starting Dispatcher daemon for systemd-networkd...
[[0;32m  OK  [0m] Started irqbalance daemon.
         Starting Virtualbox guest utils...
         Starting LSB: automatic crash report generation...
         Starting LXD - container startup/shutdown...
[[0;32m  OK  [0m] Started Availability of block devices.
[[0;32m  OK  [0m] Started Permit User Sessions.
         Starting Hold until boot process finishes up...
         Starting Terminate Plymouth Boot Screen...
[[0;32m  OK  [0m] Started Hold until boot process finishes up.
[[0;32m  OK  [0m] Started Serial Getty on ttyS0.
         Starting Set console scheme...
[[0;32m  OK  [0m] Started Terminate Plymouth Boot Screen.
[[0;32m  OK  [0m] Started System Logging Service.
[[0;32m  OK  [0m] Started LSB: automatic crash report generation.
[[0;32m  OK  [0m] Started Set console scheme.
[[0;32m  OK  [0m] Created slice system-getty.slice.
[[0;32m  OK  [0m] Started Getty on tty1.
[[0;32m  OK  [0m] Reached target Login Prompts.
[[0;32m  OK  [0m] Started Login Service.
[[0;32m  OK  [0m] Started Unattended Upgrades Shutdown.
         Starting Authorization Manager...
[[0;32m  OK  [0m] Started LSB: Record successful boot for GRUB.
[[0;32m  OK  [0m] Started Authorization Manager.
[[0;32m  OK  [0m] Started Accounts Service.
[[0;32m  OK  [0m] Started LXD - container startup/shutdown.
[[0;32m  OK  [0m] Started Virtualbox guest utils.
[[0;32m  OK  [0m] Started Dispatcher daemon for systemd-networkd.
[[0;32m  OK  [0m] Started Snap Daemon.
         Starting Wait until snapd is fully seeded...
         Starting Time & Date Service...
[[0;32m  OK  [0m] Started Time & Date Service.
[[0;32m  OK  [0m] Started Wait until snapd is fully seeded.
         Starting Apply the settings specified in cloud-config...
[   16.879017] cloud-init[1511]: Cloud-init v. 23.1.2-0ubuntu0~18.04.1 running 'modules:config' at Fri, 01 Mar 2024 17:35:39 +0000. Up 16.63 seconds.
[[0;32m  OK  [0m] Started Apply the settings specified in cloud-config.
[[0;32m  OK  [0m] Started Pollinate to seed the pseudo random number generator.
         Starting OpenBSD Secure Shell server...
[[0;32m  OK  [0m] Started OpenBSD Secure Shell server.
[[0;32m  OK  [0m] Reached target Multi-User System.
         Starting Execute cloud user/final scripts...
[[0;32m  OK  [0m] Reached target Graphical Interface.
         Starting Update UTMP about System Runlevel Changes...
[[0;32m  OK  [0m] Started Update UTMP about System Runlevel Changes.
ci-info: no authorized SSH keys fingerprints found for user ubuntu.
<14>Mar  1 17:35:40 cloud-init: #############################################################
<14>Mar  1 17:35:40 cloud-init: -----BEGIN SSH HOST KEY FINGERPRINTS-----
<14>Mar  1 17:35:40 cloud-init: 1024 SHA256:THtdh4tyaLadC7zssnprYLWb+tWUIQX3sSaVKxUvOAI root@ubuntu-bionic (DSA)
<14>Mar  1 17:35:40 cloud-init: 256 SHA256:Xrgse0wnrFBi/Yg0RthC5+4YZCLS89FFCCG/8m6GNGM root@ubuntu-bionic (ECDSA)
<14>Mar  1 17:35:40 cloud-init: 256 SHA256:cAIVvCO32KfoIUQhihILYu3CNqDIFBKgLslmUOs1/f0 root@ubuntu-bionic (ED25519)
<14>Mar  1 17:35:40 cloud-init: 2048 SHA256:u3RmW/8AXqnT4vOynjqUV2BkKaokA3xEcC9FJDaBk58 root@ubuntu-bionic (RSA)
<14>Mar  1 17:35:40 cloud-init: -----END SSH HOST KEY FINGERPRINTS-----
<14>Mar  1 17:35:40 cloud-init: #############################################################
-----BEGIN SSH HOST KEY KEYS-----
ecdsa-sha2-nistp256 AAAAE2VjZHNhLXNoYTItbmlzdHAyNTYAAAAIbmlzdHAyNTYAAABBBHD2hf0UXJHapR9bi2xfejX0uPS42onQNtZ6/c2wcaxlJv9iRsijiTQFZXgZUAH7ixtJxiWnHua+YIF55Fg/IbM= root@ubuntu-bionic
ssh-ed25519 AAAAC3NzaC1lZDI1NTE5AAAAIHCxSZCaSABTCLZPBK9i59x0MYPOWbkb955PeADf/E+N root@ubuntu-bionic
ssh-rsa AAAAB3NzaC1yc2EAAAADAQABAAABAQDSTMLqdPvtlOGC23fJxOPVkwh4aP7jD9Fwq4JNKdkHItX7EOmUVdlUqyctWmBfwH94tZ1qywA8EwegU+yohDu5pQeFzbaHTN7PWvZbadwNLB3tRySoF2E3gJb7pqfVtxMCkZS1spZjuBy176vdNfn6acKlZIFwi7V2L6viNHnHkh0DsYDInelHlyPdN37F1JbL9dkKQKqFdmSCFCxQzqf29Fo1Eqc20skqpvjcfEXBiJHnpG9hSEvGYur752gHGSUnwWbsiigDvfRA568wZu7v1QWu7mafAR/Ndby+UVef/QefeJmte+x8H//DW+BgfJpy7sd6GR99IqIDX+gbaDwd root@ubuntu-bionic
-----END SSH HOST KEY KEYS-----
[   17.374595] cloud-init[1590]: Cloud-init v. 23.1.2-0ubuntu0~18.04.1 running 'modules:final' at Fri, 01 Mar 2024 17:35:40 +0000. Up 17.26 seconds.
[   17.375695] cloud-init[1590]: Cloud-init v. 23.1.2-0ubuntu0~18.04.1 finished at Fri, 01 Mar 2024 17:35:40 +0000. Datasource DataSourceNoCloud [seed=/dev/sdb][dsmode=net].  Up 17.37 seconds
[[0;32m  OK  [0m] Started Execute cloud user/final scripts.
[[0;32m  OK  [0m] Reached target Cloud-init target.

Ubuntu 18.04.6 LTS ubuntu-bionic ttyS0

ubuntu-bionic login: 